Component: ARM Compiler 5.06 update 1 (build 61) Tool: armlink [4d35a8]

==============================================================================

Section Cross References

    startup_stm32f103xe.o(STACK) refers (Special) to heapauxi.o(.text) for __use_two_region_memory
    startup_stm32f103xe.o(HEAP) refers (Special) to heapauxi.o(.text) for __use_two_region_memory
    startup_stm32f103xe.o(RESET) refers (Special) to heapauxi.o(.text) for __use_two_region_memory
    startup_stm32f103xe.o(RESET) refers to startup_stm32f103xe.o(STACK) for __initial_sp
    startup_stm32f103xe.o(RESET) refers to startup_stm32f103xe.o(.text) for Reset_Handler
    startup_stm32f103xe.o(RESET) refers to stm32f1xx_it.o(i.NMI_Handler) for NMI_Handler
    startup_stm32f103xe.o(RESET) refers to stm32f1xx_it.o(i.HardFault_Handler) for HardFault_Handler
    startup_stm32f103xe.o(RESET) refers to stm32f1xx_it.o(i.MemManage_Handler) for MemManage_Handler
    startup_stm32f103xe.o(RESET) refers to stm32f1xx_it.o(i.BusFault_Handler) for BusFault_Handler
    startup_stm32f103xe.o(RESET) refers to stm32f1xx_it.o(i.UsageFault_Handler) for UsageFault_Handler
    startup_stm32f103xe.o(RESET) refers to stm32f1xx_it.o(i.SVC_Handler) for SVC_Handler
    startup_stm32f103xe.o(RESET) refers to stm32f1xx_it.o(i.DebugMon_Handler) for DebugMon_Handler
    startup_stm32f103xe.o(RESET) refers to stm32f1xx_it.o(i.PendSV_Handler) for PendSV_Handler
    startup_stm32f103xe.o(RESET) refers to stm32f1xx_it.o(i.SysTick_Handler) for SysTick_Handler
    startup_stm32f103xe.o(RESET) refers to stm32f1xx_it.o(i.EXTI9_5_IRQHandler) for EXTI9_5_IRQHandler
    startup_stm32f103xe.o(RESET) refers to stm32f1xx_it.o(i.USART3_IRQHandler) for USART3_IRQHandler
    startup_stm32f103xe.o(RESET) refers to stm32f1xx_it.o(i.UART5_IRQHandler) for UART5_IRQHandler
    startup_stm32f103xe.o(.text) refers (Special) to heapauxi.o(.text) for __use_two_region_memory
    startup_stm32f103xe.o(.text) refers to system_stm32f1xx.o(i.SystemInit) for SystemInit
    startup_stm32f103xe.o(.text) refers to __main.o(!!!main) for __main
    startup_stm32f103xe.o(.text) refers to startup_stm32f103xe.o(HEAP) for Heap_Mem
    startup_stm32f103xe.o(.text) refers to startup_stm32f103xe.o(STACK) for Stack_Mem
    main.o(i.SystemClock_Config) refers to rt_memclr_w.o(.text) for __aeabi_memclr4
    main.o(i.SystemClock_Config) refers to stm32f1xx_hal_rcc.o(i.HAL_RCC_OscConfig) for HAL_RCC_OscConfig
    main.o(i.SystemClock_Config) refers to stm32f1xx_hal_rcc.o(i.HAL_RCC_ClockConfig) for HAL_RCC_ClockConfig
    main.o(i.SystemClock_Config) refers to stm32f1xx_hal_rcc_ex.o(i.HAL_RCCEx_PeriphCLKConfig) for HAL_RCCEx_PeriphCLKConfig
    main.o(i.main) refers to stm32f1xx_hal.o(i.HAL_Init) for HAL_Init
    main.o(i.main) refers to main.o(i.SystemClock_Config) for SystemClock_Config
    main.o(i.main) refers to gpio.o(i.MX_GPIO_Init) for MX_GPIO_Init
    main.o(i.main) refers to tim.o(i.MX_TIM3_Init) for MX_TIM3_Init
    main.o(i.main) refers to usart.o(i.MX_USART1_UART_Init) for MX_USART1_UART_Init
    main.o(i.main) refers to usart.o(i.MX_USART3_UART_Init) for MX_USART3_UART_Init
    main.o(i.main) refers to tim.o(i.MX_TIM8_Init) for MX_TIM8_Init
    main.o(i.main) refers to tim.o(i.MX_TIM4_Init) for MX_TIM4_Init
    main.o(i.main) refers to adc.o(i.MX_ADC2_Init) for MX_ADC2_Init
    main.o(i.main) refers to usart.o(i.MX_UART5_Init) for MX_UART5_Init
    main.o(i.main) refers to sys.o(i.JTAG_Set) for JTAG_Set
    main.o(i.main) refers to delay.o(i.delay_init) for delay_init
    main.o(i.main) refers to beep.o(i.BEEP_GPIO_Config) for BEEP_GPIO_Config
    main.o(i.main) refers to oled.o(i.OLED_Init) for OLED_Init
    main.o(i.main) refers to mpu6050.o(i.MPU6050_initialize) for MPU6050_initialize
    main.o(i.main) refers to mpu6050.o(i.DMP_Init) for DMP_Init
    main.o(i.main) refers to show.o(i.DataScope) for DataScope
    main.o(i.main) refers to show.o(i.APP_Show) for APP_Show
    main.o(i.main) refers to show.o(i.oled_show) for oled_show
    main.o(i.main) refers to main.o(.data) for .data
    gpio.o(i.MX_GPIO_Init) refers to stm32f1xx_hal_gpio.o(i.HAL_GPIO_WritePin) for HAL_GPIO_WritePin
    gpio.o(i.MX_GPIO_Init) refers to stm32f1xx_hal_gpio.o(i.HAL_GPIO_Init) for HAL_GPIO_Init
    gpio.o(i.MX_GPIO_Init) refers to stm32f1xx_hal_cortex.o(i.HAL_NVIC_SetPriority) for HAL_NVIC_SetPriority
    gpio.o(i.MX_GPIO_Init) refers to stm32f1xx_hal_cortex.o(i.HAL_NVIC_EnableIRQ) for HAL_NVIC_EnableIRQ
    adc.o(i.Get_Adc) refers to stm32f1xx_hal_adc.o(i.HAL_ADC_ConfigChannel) for HAL_ADC_ConfigChannel
    adc.o(i.Get_Adc) refers to stm32f1xx_hal_adc.o(i.HAL_ADC_Start) for HAL_ADC_Start
    adc.o(i.Get_Adc) refers to stm32f1xx_hal_adc.o(i.HAL_ADC_PollForConversion) for HAL_ADC_PollForConversion
    adc.o(i.Get_Adc) refers to stm32f1xx_hal_adc.o(i.HAL_ADC_GetValue) for HAL_ADC_GetValue
    adc.o(i.Get_Adc) refers to adc.o(.bss) for .bss
    adc.o(i.Get_Adc_Average) refers to adc.o(i.Get_Adc) for Get_Adc
[...]
    _printf_char_common                      0x08000687   Thumb Code    32  _printf_char_common.o(.text)
    ferror                                   0x080006ad   Thumb Code     8  ferror.o(.text)
    __user_libspace                          0x080006b5   Thumb Code     8  libspace.o(.text)
    __user_perproc_libspace                  0x080006b5   Thumb Code     0  libspace.o(.text)
    __user_perthread_libspace                0x080006b5   Thumb Code     0  libspace.o(.text)
    __user_setup_stackheap                   0x080006bd   Thumb Code    74  sys_stackheap_outer.o(.text)
    exit                                     0x08000707   Thumb Code    18  exit.o(.text)
    ADC_ConversionStop_Disable               0x08000719   Thumb Code    86  stm32f1xx_hal_adc.o(i.ADC_ConversionStop_Disable)
    ADC_Enable                               0x08000771   Thumb Code   114  stm32f1xx_hal_adc.o(i.ADC_Enable)
    APP_Show                                 0x080007ed   Thumb Code   222  show.o(i.APP_Show)
    BEEP_GPIO_Config                         0x08000939   Thumb Code    10  beep.o(i.BEEP_GPIO_Config)
    BusFault_Handler                         0x08000949   Thumb Code     2  stm32f1xx_it.o(i.BusFault_Handler)
    Complementary_Filter_x                   0x0800094d   Thumb Code    56  filter.o(i.Complementary_Filter_x)
    Complementary_Filter_y                   0x08000991   Thumb Code    56  filter.o(i.Complementary_Filter_y)
    DMP_Init                                 0x080009d5   Thumb Code   222  mpu6050.o(i.DMP_Init)
    DataScope                                0x08000c05   Thumb Code    76  show.o(i.DataScope)
    DataScope_Data_Generate                  0x08000c65   Thumb Code   124  datascope_dp.o(i.DataScope_Data_Generate)
    DataScope_Get_Channel_Data               0x08000ce5   Thumb Code    78  datascope_dp.o(i.DataScope_Get_Channel_Data)
    DebugMon_Handler                         0x08000d39   Thumb Code     2  stm32f1xx_it.o(i.DebugMon_Handler)
    EXTI9_5_IRQHandler                       0x08000d3b   Thumb Code     8  stm32f1xx_it.o(i.EXTI9_5_IRQHandler)
    Error_Handler                            0x08000d43   Thumb Code     4  main.o(i.Error_Handler)
    Float2Byte                               0x08000d47   Thumb Code    20  datascope_dp.o(i.Float2Byte)
    Get_Adc                                  0x08000d5d   Thumb Code    52  adc.o(i.Get_Adc)
    Get_Adc_Average                          0x08000d95   Thumb Code    46  adc.o(i.Get_Adc_Average)
    Get_Angle                                0x08000dc5   Thumb Code   528  control.o(i.Get_Angle)
    Get_battery_volt                         0x08001015   Thumb Code    54  adc.o(i.Get_battery_volt)
    HAL_ADCEx_Calibration_Start              0x08001059   Thumb Code   210  stm32f1xx_hal_adc_ex.o(i.HAL_ADCEx_Calibration_Start)
    HAL_ADC_ConfigChannel                    0x08001131   Thumb Code   240  stm32f1xx_hal_adc.o(i.HAL_ADC_ConfigChannel)
    HAL_ADC_GetValue                         0x0800122d   Thumb Code     6  stm32f1xx_hal_adc.o(i.HAL_ADC_GetValue)
    HAL_ADC_Init                             0x08001235   Thumb Code   276  stm32f1xx_hal_adc.o(i.HAL_ADC_Init)
    HAL_ADC_MspInit                          0x08001359   Thumb Code    76  adc.o(i.HAL_ADC_MspInit)
    HAL_ADC_PollForConversion                0x080013b1   Thumb Code   304  stm32f1xx_hal_adc.o(i.HAL_ADC_PollForConversion)
    HAL_ADC_Start                            0x080014ed   Thumb Code   184  stm32f1xx_hal_adc.o(i.HAL_ADC_Start)
    HAL_DMA_Abort                            0x080015ad   Thumb Code    70  stm32f1xx_hal_dma.o(i.HAL_DMA_Abort)
    HAL_DMA_Abort_IT                         0x080015f5   Thumb Code   296  stm32f1xx_hal_dma.o(i.HAL_DMA_Abort_IT)
    HAL_GPIO_EXTI_Callback                   0x08001725   Thumb Code  1338  control.o(i.HAL_GPIO_EXTI_Callback)
    HAL_GPIO_EXTI_IRQHandler                 0x08001c85   Thumb Code    18  stm32f1xx_hal_gpio.o(i.HAL_GPIO_EXTI_IRQHandler)
    HAL_GPIO_Init                            0x08001c9d   Thumb Code   462  stm32f1xx_hal_gpio.o(i.HAL_GPIO_Init)
    HAL_GPIO_WritePin                        0x08001e95   Thumb Code    10  stm32f1xx_hal_gpio.o(i.HAL_GPIO_WritePin)
    HAL_GetTick                              0x08001ea1   Thumb Code     6  stm32f1xx_hal.o(i.HAL_GetTick)
    HAL_IncTick                              0x08001ead   Thumb Code    12  stm32f1xx_hal.o(i.HAL_IncTick)
    HAL_Init                                 0x08001ebd   Thumb Code    32  stm32f1xx_hal.o(i.HAL_Init)
    HAL_InitTick                             0x08001ee1   Thumb Code    54  stm32f1xx_hal.o(i.HAL_InitTick)
    HAL_MspInit                              0x08001f21   Thumb Code    58  stm32f1xx_hal_msp.o(i.HAL_MspInit)
    HAL_NVIC_EnableIRQ                       0x08001f65   Thumb Code    26  stm32f1xx_hal_cortex.o(i.HAL_NVIC_EnableIRQ)
    HAL_NVIC_SetPriority                     0x08001f81   Thumb Code    60  stm32f1xx_hal_cortex.o(i.HAL_NVIC_SetPriority)
    HAL_NVIC_SetPriorityGrouping             0x08001fc1   Thumb Code    26  stm32f1xx_hal_cortex.o(i.HAL_NVIC_SetPriorityGrouping)
    HAL_RCCEx_GetPeriphCLKFreq               0x08001fe5   Thumb Code   166  stm32f1xx_hal_rcc_ex.o(i.HAL_RCCEx_GetPeriphCLKFreq)
    HAL_RCCEx_PeriphCLKConfig                0x0800209d   Thumb Code   224  stm32f1xx_hal_rcc_ex.o(i.HAL_RCCEx_PeriphCLKConfig)
    HAL_RCC_ClockConfig                      0x08002189   Thumb Code   280  stm32f1xx_hal_rcc.o(i.HAL_RCC_ClockConfig)
    HAL_RCC_GetPCLK1Freq                     0x080022b5   Thumb Code    20  stm32f1xx_hal_rcc.o(i.HAL_RCC_GetPCLK1Freq)
    HAL_RCC_GetPCLK2Freq                     0x080022d5   Thumb Code    20  stm32f1xx_hal_rcc.o(i.HAL_RCC_GetPCLK2Freq)
    HAL_RCC_GetSysClockFreq                  0x080022f5   Thumb Code    58  stm32f1xx_hal_rcc.o(i.HAL_RCC_GetSysClockFreq)
    HAL_RCC_OscConfig                        0x08002341   Thumb Code   778  stm32f1xx_hal_rcc.o(i.HAL_RCC_OscConfig)
    HAL_SYSTICK_Config                       0x08002661   Thumb Code    40  stm32f1xx_hal_cortex.o(i.HAL_SYSTICK_Config)
    HAL_TIMEx_MasterConfigSynchronization    0x08002689   Thumb Code   104  stm32f1xx_hal_tim_ex.o(i.HAL_TIMEx_MasterConfigSynchronization)
    HAL_TIM_Base_Init                        0x08002705   Thumb Code    90  stm32f1xx_hal_tim.o(i.HAL_TIM_Base_Init)
    HAL_TIM_Base_MspInit                     0x08002761   Thumb Code    30  tim.o(i.HAL_TIM_Base_MspInit)
    HAL_TIM_ConfigClockSource                0x08002789   Thumb Code   220  stm32f1xx_hal_tim.o(i.HAL_TIM_ConfigClockSource)
    HAL_TIM_Encoder_Init                     0x08002865   Thumb Code   164  stm32f1xx_hal_tim.o(i.HAL_TIM_Encoder_Init)
    HAL_TIM_Encoder_MspInit                  0x08002909   Thumb Code   118  tim.o(i.HAL_TIM_Encoder_MspInit)
    HAL_TIM_Encoder_Start                    0x08002995   Thumb Code   142  stm32f1xx_hal_tim.o(i.HAL_TIM_Encoder_Start)
    HAL_TIM_MspPostInit                      0x08002a25   Thumb Code    94  tim.o(i.HAL_TIM_MspPostInit)
    HAL_TIM_PWM_ConfigChannel                0x08002a95   Thumb Code   204  stm32f1xx_hal_tim.o(i.HAL_TIM_PWM_ConfigChannel)
    HAL_TIM_PWM_Init                         0x08002b61   Thumb Code    90  stm32f1xx_hal_tim.o(i.HAL_TIM_PWM_Init)
    HAL_TIM_PWM_MspInit                      0x08002bbb   Thumb Code     2  stm32f1xx_hal_tim.o(i.HAL_TIM_PWM_MspInit)
    HAL_TIM_PWM_Start                        0x08002bbd   Thumb Code   160  stm32f1xx_hal_tim.o(i.HAL_TIM_PWM_Start)
    HAL_UARTEx_RxEventCallback               0x08002c71   Thumb Code     2  stm32f1xx_hal_uart.o(i.HAL_UARTEx_RxEventCallback)
    HAL_UART_ErrorCallback                   0x08002c73   Thumb Code     2  stm32f1xx_hal_uart.o(i.HAL_UART_ErrorCallback)
    HAL_UART_IRQHandler                      0x08002c75   Thumb Code   616  stm32f1xx_hal_uart.o(i.HAL_UART_IRQHandler)
    HAL_UART_Init                            0x08002ee1   Thumb Code   100  stm32f1xx_hal_uart.o(i.HAL_UART_Init)
    HAL_UART_MspInit                         0x08002f45   Thumb Code   286  usart.o(i.HAL_UART_MspInit)
    HAL_UART_Receive_IT                      0x08003085   Thumb Code    28  stm32f1xx_hal_uart.o(i.HAL_UART_Receive_IT)
    HAL_UART_RxCpltCallback                  0x080030a1   Thumb Code   796  usart3.o(i.HAL_UART_RxCpltCallback)
    HAL_UART_TxCpltCallback                  0x080033f9   Thumb Code     2  stm32f1xx_hal_uart.o(i.HAL_UART_TxCpltCallback)
    HardFault_Handler                        0x080033fb   Thumb Code     2  stm32f1xx_it.o(i.HardFault_Handler)
    I2C_ReadOneByte                          0x080033fd   Thumb Code    62  ioi2c.o(i.I2C_ReadOneByte)
    IIC_Ack                                  0x0800343d   Thumb Code    54  ioi2c.o(i.IIC_Ack)
    IIC_NAck                                 0x0800347d   Thumb Code    56  ioi2c.o(i.IIC_NAck)
    IIC_Read_Byte                            0x080034bd   Thumb Code   100  ioi2c.o(i.IIC_Read_Byte)
    IIC_Send_Byte                            0x08003529   Thumb Code    86  ioi2c.o(i.IIC_Send_Byte)
    IIC_Start                                0x08003589   Thumb Code    72  ioi2c.o(i.IIC_Start)
    IIC_Stop                                 0x080035d9   Thumb Code    56  ioi2c.o(i.IIC_Stop)
    IIC_Wait_Ack                             0x08003619   Thumb Code    80  ioi2c.o(i.IIC_Wait_Ack)
    IICreadByte                              0x08003671   Thumb Code    14  ioi2c.o(i.IICreadByte)
    IICwriteBit                              0x0800367f   Thumb Code    50  ioi2c.o(i.IICwriteBit)
    IICwriteBits                             0x080036b1   Thumb Code    84  ioi2c.o(i.IICwriteBits)
    IICwriteByte                             0x08003705   Thumb Code    12  ioi2c.o(i.IICwriteByte)
    IICwriteBytes                            0x08003711   Thumb Code    68  ioi2c.o(i.IICwriteBytes)
    JTAG_Set                                 0x0800381d   Thumb Code    30  sys.o(i.JTAG_Set)
    KEY_Scan                                 0x08003845   Thumb Code   236  key.o(i.KEY_Scan)
    KF_X                                     0x08003949   Thumb Code   588  kf.o(i.KF_X)
    KF_Y                                     0x08003ba1   Thumb Code   594  kf.o(i.KF_Y)
    Led_Flash                                0x08003e01   Thumb Code    40  led.o(i.Led_Flash)
    MPU6050_initialize                       0x08003e31   Thumb Code    42  mpu6050.o(i.MPU6050_initialize)
    MPU6050_setClockSource                   0x08003e5b   Thumb Code    18  mpu6050.o(i.MPU6050_setClockSource)
    MPU6050_setFullScaleAccelRange           0x08003e6d   Thumb Code    18  mpu6050.o(i.MPU6050_setFullScaleAccelRange)
    MPU6050_setFullScaleGyroRange            0x08003e7f   Thumb Code    18  mpu6050.o(i.MPU6050_setFullScaleGyroRange)
    MPU6050_setI2CBypassEnabled              0x08003e91   Thumb Code    12  mpu6050.o(i.MPU6050_setI2CBypassEnabled)
    MPU6050_setI2CMasterModeEnabled          0x08003e9d   Thumb Code    12  mpu6050.o(i.MPU6050_setI2CMasterModeEnabled)
    MPU6050_setSleepEnabled                  0x08003ea9   Thumb Code    12  mpu6050.o(i.MPU6050_setSleepEnabled)
    MX_ADC2_Init                             0x08003eb5   Thumb Code    48  adc.o(i.MX_ADC2_Init)
    MX_GPIO_Init                             0x08003eed   Thumb Code   336  gpio.o(i.MX_GPIO_Init)
    MX_TIM3_Init                             0x08004051   Thumb Code   224  tim.o(i.MX_TIM3_Init)
    MX_TIM4_Init                             0x08004139   Thumb Code   106  tim.o(i.MX_TIM4_Init)
    MX_TIM8_Init                             0x080041ad   Thumb Code   108  tim.o(i.MX_TIM8_Init)
    MX_UART5_Init                            0x08004221   Thumb Code    54  usart.o(i.MX_UART5_Init)
    MX_USART1_UART_Init                      0x08004265   Thumb Code    48  usart.o(i.MX_USART1_UART_Init)
    MX_USART3_UART_Init                      0x0800429d   Thumb Code    54  usart.o(i.MX_USART3_UART_Init)
    MemManage_Handler                        0x080042e1   Thumb Code     2  stm32f1xx_it.o(i.MemManage_Handler)
    NMI_Handler                              0x080042e3   Thumb Code     2  stm32f1xx_it.o(i.NMI_Handler)
    Normal                                   0x080042e5   Thumb Code   266  control.o(i.Normal)
    OLED_Clear                               0x08004431   Thumb Code    40  oled.o(i.OLED_Clear)
    OLED_DrawPoint                           0x0800445d   Thumb Code    54  oled.o(i.OLED_DrawPoint)
    OLED_Init                                0x08004499   Thumb Code   244  oled.o(i.OLED_Init)
    OLED_Refresh_Gram                        0x08004591   Thumb Code    70  oled.o(i.OLED_Refresh_Gram)
    OLED_ShowChar                            0x080045dd   Thumb Code   134  oled.o(i.OLED_ShowChar)
    OLED_ShowNumber                          0x0800466d   Thumb Code   120  oled.o(i.OLED_ShowNumber)
    OLED_ShowString                          0x080046e5   Thumb Code    62  oled.o(i.OLED_ShowString)
    OLED_WR_Byte                             0x08004725   Thumb Code    64  oled.o(i.OLED_WR_Byte)
    PWM_Limit                                0x0800476d   Thumb Code    14  control.o(i.PWM_Limit)
    PendSV_Handler                           0x0800477b   Thumb Code     2  stm32f1xx_it.o(i.PendSV_Handler)
    Read_DMP                                 0x0800477d   Thumb Code   424  mpu6050.o(i.Read_DMP)
    Read_Encoder                             0x0800492d   Thumb Code    36  encoder.o(i.Read_Encoder)
    SVC_Handler                              0x0800495d   Thumb Code     2  stm32f1xx_it.o(i.SVC_Handler)
    Set_Pwm                                  0x08004961   Thumb Code    62  control.o(i.Set_Pwm)
    SysTick_Handler                          0x080049a5   Thumb Code     4  stm32f1xx_it.o(i.SysTick_Handler)
    SystemClock_Config                       0x080049a9   Thumb Code   122  main.o(i.SystemClock_Config)
    SystemInit                               0x08004a23   Thumb Code     2  system_stm32f1xx.o(i.SystemInit)
    TIM_Base_SetConfig                       0x08004a25   Thumb Code   120  stm32f1xx_hal_tim.o(i.TIM_Base_SetConfig)
    TIM_CCxChannelCmd                        0x08004ab1   Thumb Code    26  stm32f1xx_hal_tim.o(i.TIM_CCxChannelCmd)
    TIM_ETR_SetConfig                        0x08004acb   Thumb Code    20  stm32f1xx_hal_tim.o(i.TIM_ETR_SetConfig)
    TIM_OC2_SetConfig                        0x08004b51   Thumb Code    98  stm32f1xx_hal_tim.o(i.TIM_OC2_SetConfig)
    UART5_IRQHandler                         0x08004cbd   Thumb Code     6  stm32f1xx_it.o(i.UART5_IRQHandler)
    UART_Start_Receive_IT                    0x08004ea1   Thumb Code    54  stm32f1xx_hal_uart.o(i.UART_Start_Receive_IT)
    USART3_IRQHandler                        0x08004ed9   Thumb Code     6  stm32f1xx_it.o(i.USART3_IRQHandler)
    UsageFault_Handler                       0x08004ee5   Thumb Code     2  stm32f1xx_it.o(i.UsageFault_Handler)
    __ARM_fpclassify                         0x08004ee7   Thumb Code    40  fpclassify.o(i.__ARM_fpclassify)
    __kernel_poly                            0x08004f2f   Thumb Code   170  poly.o(i.__kernel_poly)
    __mathlib_dbl_divzero                    0x08004fd9   Thumb Code    12  dunder.o(i.__mathlib_dbl_divzero)
    __mathlib_dbl_infnan                     0x08004fe9   Thumb Code     6  dunder.o(i.__mathlib_dbl_infnan)
    __mathlib_dbl_infnan2                    0x08004fef   Thumb Code     4  dunder.o(i.__mathlib_dbl_infnan2)
    __mathlib_dbl_invalid                    0x08004ff3   Thumb Code    12  dunder.o(i.__mathlib_dbl_invalid)
    __mathlib_dbl_overflow                   0x08004fff   Thumb Code    14  dunder.o(i.__mathlib_dbl_overflow)
    __mathlib_dbl_underflow                  0x0800500d   Thumb Code    10  dunder.o(i.__mathlib_dbl_underflow)
    _sys_exit                                0x0800501d   Thumb Code     2  usart.o(i._sys_exit)
    asin                                     0x080050a1   Thumb Code   572  asin.o(i.asin)
    atan                                     0x08005311   Thumb Code   474  atan.o(i.atan)
    atan2                                    0x08005531   Thumb Code   346  atan2.o(i.atan2)
    data_process                             0x080056b1   Thumb Code   482  lidar.o(i.data_process)
    delay_init                               0x080058b1   Thumb Code    26  delay.o(i.delay_init)
    delay_ms                                 0x080058d1   Thumb Code    46  delay.o(i.delay_ms)
    delay_us                                 0x08005905   Thumb Code    46  delay.o(i.delay_us)
    dmp_enable_6x_lp_quat                    0x08005939   Thumb Code    58  inv_mpu_dmp_motion_driver.o(i.dmp_enable_6x_lp_quat)
    dmp_enable_feature                       0x08005975   Thumb Code   464  inv_mpu_dmp_motion_driver.o(i.dmp_enable_feature)
    dmp_enable_gyro_cal                      0x08005b4d   Thumb Code    34  inv_mpu_dmp_motion_driver.o(i.dmp_enable_gyro_cal)
    dmp_enable_lp_quat                       0x08005b89   Thumb Code    58  inv_mpu_dmp_motion_driver.o(i.dmp_enable_lp_quat)
    dmp_load_motion_driver_firmware          0x08005bc5   Thumb Code    16  inv_mpu_dmp_motion_driver.o(i.dmp_load_motion_driver_firmware)
    dmp_read_fifo                            0x08005bd9   Thumb Code   320  inv_mpu_dmp_motion_driver.o(i.dmp_read_fifo)
    dmp_set_accel_bias                       0x08005d1d   Thumb Code   210  inv_mpu_dmp_motion_driver.o(i.dmp_set_accel_bias)
    dmp_set_fifo_rate                        0x08005df5   Thumb Code    82  inv_mpu_dmp_motion_driver.o(i.dmp_set_fifo_rate)
    dmp_set_gyro_bias                        0x08005e59   Thumb Code   196  inv_mpu_dmp_motion_driver.o(i.dmp_set_gyro_bias)
    dmp_set_orientation                      0x08005f25   Thumb Code   246  inv_mpu_dmp_motion_driver.o(i.dmp_set_orientation)
    dmp_set_shake_reject_thresh              0x08006031   Thumb Code    48  inv_mpu_dmp_motion_driver.o(i.dmp_set_shake_reject_thresh)
    dmp_set_shake_reject_time                0x08006061   Thumb Code    32  inv_mpu_dmp_motion_driver.o(i.dmp_set_shake_reject_time)
    dmp_set_shake_reject_timeout             0x08006081   Thumb Code    32  inv_mpu_dmp_motion_driver.o(i.dmp_set_shake_reject_timeout)
    dmp_set_tap_axes                         0x080060a1   Thumb Code    64  inv_mpu_dmp_motion_driver.o(i.dmp_set_tap_axes)
    dmp_set_tap_count                        0x080060e1   Thumb Code    34  inv_mpu_dmp_motion_driver.o(i.dmp_set_tap_count)
    dmp_set_tap_thresh                       0x08006105   Thumb Code   274  inv_mpu_dmp_motion_driver.o(i.dmp_set_tap_thresh)
    dmp_set_tap_time                         0x0800622d   Thumb Code    32  inv_mpu_dmp_motion_driver.o(i.dmp_set_tap_time)
    dmp_set_tap_time_multi                   0x0800624d   Thumb Code    32  inv_mpu_dmp_motion_driver.o(i.dmp_set_tap_time_multi)
    fputc                                    0x0800626d   Thumb Code    38  usart.o(i.fputc)
    i2cRead                                  0x08006735   Thumb Code   112  ioi2c.o(i.i2cRead)
    i2cWrite                                 0x080067a5   Thumb Code    84  ioi2c.o(i.i2cWrite)
    main                                     0x08006841   Thumb Code   108  main.o(i.main)
    mpu_configure_fifo                       0x080068b1   Thumb Code    78  inv_mpu.o(i.mpu_configure_fifo)
    mpu_get_accel_fsr                        0x08006905   Thumb Code    54  inv_mpu.o(i.mpu_get_accel_fsr)
    mpu_get_accel_sens                       0x08006941   Thumb Code    62  inv_mpu.o(i.mpu_get_accel_sens)
    mpu_get_gyro_fsr                         0x08006985   Thumb Code    48  inv_mpu.o(i.mpu_get_gyro_fsr)
    mpu_get_gyro_sens                        0x080069b9   Thumb Code    44  inv_mpu.o(i.mpu_get_gyro_sens)
    mpu_get_lpf                              0x080069f9   Thumb Code    52  inv_mpu.o(i.mpu_get_lpf)
    mpu_get_sample_rate                      0x08006a31   Thumb Code    22  inv_mpu.o(i.mpu_get_sample_rate)
    mpu_init                                 0x08006a4d   Thumb Code   310  inv_mpu.o(i.mpu_init)
    mpu_load_firmware                        0x08006bd5   Thumb Code   154  inv_mpu.o(i.mpu_load_firmware)
    mpu_lp_accel_mode                        0x08006c75   Thumb Code   178  inv_mpu.o(i.mpu_lp_accel_mode)
    mpu_read_fifo_stream                     0x08006d2d   Thumb Code   140  inv_mpu.o(i.mpu_read_fifo_stream)
    mpu_read_mem                             0x08006dbd   Thumb Code    80  inv_mpu.o(i.mpu_read_mem)
    mpu_reset_fifo                           0x08006e11   Thumb Code   330  inv_mpu.o(i.mpu_reset_fifo)
    mpu_run_self_test                        0x08006f61   Thumb Code   234  inv_mpu.o(i.mpu_run_self_test)
    mpu_set_accel_fsr                        0x08007051   Thumb Code    98  inv_mpu.o(i.mpu_set_accel_fsr)
    mpu_set_bypass                           0x080070b9   Thumb Code   214  inv_mpu.o(i.mpu_set_bypass)
    mpu_set_dmp_state                        0x08007195   Thumb Code   114  inv_mpu.o(i.mpu_set_dmp_state)
    mpu_set_gyro_fsr                         0x0800720d   Thumb Code   104  inv_mpu.o(i.mpu_set_gyro_fsr)
    mpu_set_int_latched                      0x08007279   Thumb Code    94  inv_mpu.o(i.mpu_set_int_latched)
    mpu_set_lpf                              0x080072dd   Thumb Code   102  inv_mpu.o(i.mpu_set_lpf)
    mpu_set_sample_rate                      0x08007349   Thumb Code   124  inv_mpu.o(i.mpu_set_sample_rate)
    mpu_set_sensors                          0x080073c9   Thumb Code   178  inv_mpu.o(i.mpu_set_sensors)
    mpu_write_mem                            0x08007481   Thumb Code    80  inv_mpu.o(i.mpu_write_mem)
    mul                                      0x080074d5   Thumb Code   122  kf.o(i.mul)
    myabs                                    0x08007569   Thumb Code     8  control.o(i.myabs)
    myget_ms                                 0x08007571   Thumb Code     2  inv_mpu.o(i.myget_ms)
    oled_pow                                 0x08007573   Thumb Code    16  oled.o(i.oled_pow)
    oled_show                                0x08007585   Thumb Code   698  show.o(i.oled_show)
    pow                                      0x080078c1   Thumb Code  2512  pow.o(i.pow)
    sqrt                                     0x0800836d   Thumb Code    76  sqrt.o(i.sqrt)
    __aeabi_d2f                              0x080083b9   Thumb Code     0  d2f.o(x$fpl$d2f)
    _d2f                                     0x080083b9   Thumb Code    98  d2f.o(x$fpl$d2f)
    __aeabi_dadd                             0x0800841d   Thumb Code     0  daddsub_clz.o(x$fpl$dadd)
    _dadd                                    0x0800841d   Thumb Code   332  daddsub_clz.o(x$fpl$dadd)
    __fpl_dcheck_NaN1                        0x0800856d   Thumb Code    10  dcheck1.o(x$fpl$dcheck1)
    __fpl_dcmp_Inf                           0x0800857d   Thumb Code    24  dcmpi.o(x$fpl$dcmpinf)
    __aeabi_ddiv                             0x08008595   Thumb Code     0  ddiv.o(x$fpl$ddiv)
    _ddiv                                    0x08008595   Thumb Code   552  ddiv.o(x$fpl$ddiv)
    __aeabi_d2iz                             0x08008845   Thumb Code     0  dfix.o(x$fpl$dfix)
    _dfix                                    0x08008845   Thumb Code    94  dfix.o(x$fpl$dfix)
    __aeabi_i2d                              0x080088a3   Thumb Code     0  dflt_clz.o(x$fpl$dflt)
    _dflt                                    0x080088a3   Thumb Code    46  dflt_clz.o(x$fpl$dflt)
    __aeabi_ui2d                             0x080088d1   Thumb Code     0  dflt_clz.o(x$fpl$dfltu)
    _dfltu                                   0x080088d1   Thumb Code    38  dflt_clz.o(x$fpl$dfltu)
    __aeabi_cdcmple                          0x080088f9   Thumb Code     0  dleqf.o(x$fpl$dleqf)
    _dcmple                                  0x080088f9   Thumb Code   120  dleqf.o(x$fpl$dleqf)
    __fpl_dcmple_InfNaN                      0x0800895b   Thumb Code     0  dleqf.o(x$fpl$dleqf)
    __aeabi_dmul                             0x08008971   Thumb Code     0  dmul.o(x$fpl$dmul)
    _dmul                                    0x08008971   Thumb Code   332  dmul.o(x$fpl$dmul)
    __fpl_dnaninf                            0x08008ac5   Thumb Code   156  dnaninf.o(x$fpl$dnaninf)
    __fpl_dretinf                            0x08008b61   Thumb Code    12  dretinf.o(x$fpl$dretinf)
    __aeabi_cdrcmple                         0x08008b6d   Thumb Code     0  drleqf.o(x$fpl$drleqf)
    _drcmple                                 0x08008b6d   Thumb Code   108  drleqf.o(x$fpl$drleqf)
    __aeabi_drsub                            0x08008bd9   Thumb Code     0  daddsub_clz.o(x$fpl$drsb)
    _drsb                                    0x08008bd9   Thumb Code    22  daddsub_clz.o(x$fpl$drsb)
    _dsqrt                                   0x08008bf1   Thumb Code   456  dsqrt_noumaal.o(x$fpl$dsqrt)
    __aeabi_dsub                             0x08008dbd   Thumb Code     0  daddsub_clz.o(x$fpl$dsub)
    _dsub                                    0x08008dbd   Thumb Code   464  daddsub_clz.o(x$fpl$dsub)
    __aeabi_f2d                              0x08008f91   Thumb Code     0  f2d.o(x$fpl$f2d)
    _f2d                                     0x08008f91   Thumb Code    86  f2d.o(x$fpl$f2d)
    __aeabi_fadd                             0x08008fe9   Thumb Code     0  faddsub_clz.o(x$fpl$fadd)
    _fadd                                    0x08008fe9   Thumb Code   196  faddsub_clz.o(x$fpl$fadd)
    __fpl_fcheck_NaN1                        0x080090ad   Thumb Code     6  fcheck1.o(x$fpl$fcheck1)
    __aeabi_fdiv                             0x080090b9   Thumb Code     0  fdiv.o(x$fpl$fdiv)
    _fdiv                                    0x080090b9   Thumb Code   384  fdiv.o(x$fpl$fdiv)
    __aeabi_f2iz                             0x0800923d   Thumb Code     0  ffix.o(x$fpl$ffix)
    _ffix                                    0x0800923d   Thumb Code    54  ffix.o(x$fpl$ffix)
    __aeabi_f2uiz                            0x08009275   Thumb Code     0  ffixu.o(x$fpl$ffixu)
    _ffixu                                   0x08009275   Thumb Code    62  ffixu.o(x$fpl$ffixu)
    __aeabi_i2f                              0x080092b5   Thumb Code     0  fflt_clz.o(x$fpl$fflt)
    _fflt                                    0x080092b5   Thumb Code    48  fflt_clz.o(x$fpl$fflt)
    __aeabi_ui2f                             0x080092e5   Thumb Code     0  fflt_clz.o(x$fpl$ffltu)
    _ffltu                                   0x080092e5   Thumb Code    38  fflt_clz.o(x$fpl$ffltu)
    __aeabi_fmul                             0x0800930d   Thumb Code     0  fmul.o(x$fpl$fmul)
    _fmul                                    0x0800930d   Thumb Code   258  fmul.o(x$fpl$fmul)
    __fpl_fnaninf                            0x0800940f   Thumb Code   140  fnaninf.o(x$fpl$fnaninf)
    __fpl_fretinf                            0x0800949b   Thumb Code    10  fretinf.o(x$fpl$fretinf)
    __aeabi_frsub                            0x080094a5   Thumb Code     0  faddsub_clz.o(x$fpl$frsb)
    _frsb                                    0x080094a5   Thumb Code    20  faddsub_clz.o(x$fpl$frsb)
    __aeabi_fsub                             0x080094b9   Thumb Code     0  faddsub_clz.o(x$fpl$fsub)
    _fsub                                    0x080094b9   Thumb Code   234  faddsub_clz.o(x$fpl$fsub)
    __fpl_return_NaN                         0x080095a3   Thumb Code   100  retnan.o(x$fpl$retnan)
    __ARM_scalbn                             0x08009607   Thumb Code    92  scalbn.o(x$fpl$scalbn)
    __ARM_scalbnf                            0x08009663   Thumb Code    76  scalbnf.o(x$fpl$scalbnf)
    __fpl_cmpreturn                          0x080096af   Thumb Code    48  trapv.o(x$fpl$trapveneer)
    __I$use$fp                               0x080096de   Number         0  usenofp.o(x$fpl$usenofp)
    AHBPrescTable                            0x08009702   Data          16  system_stm32f1xx.o(.constdata)
    APBPrescTable                            0x08009712   Data           8  system_stm32f1xx.o(.constdata)
    oled_asc2_1206                           0x0800971a   Data        1140  oled.o(.constdata)
    oled_asc2_1608                           0x08009b8e   Data        1520  oled.o(.constdata)
    hw                                       0x0800a17e   Data          12  inv_mpu.o(.constdata)
    reg                                      0x0800a18a   Data          27  inv_mpu.o(.constdata)
    test                                     0x0800a1a8   Data          40  inv_mpu.o(.constdata)
    __mathlib_zero                           0x0800aff0   Data           8  qnan.o(.constdata)
    Region$$Table$$Base                      0x0800b048   Number         0  anon$$obj.o(Region$$Table)
    Region$$Table$$Limit                     0x0800b068   Number         0  anon$$obj.o(Region$$Table)
    Way_Angle                                0x20000000   Data           1  main.o(.data)
    Flag_velocity                            0x20000002   Data           2  main.o(.data)
    Flag_Stop                                0x20000004   Data           1  main.o(.data)
    Flag_Show                                0x20000005   Data           1  main.o(.data)
    delay_50                                 0x20000006   Data           1  main.o(.data)
    delay_flag                               0x20000007   Data           1  main.o(.data)
    PS2_ON_Flag                              0x20000008   Data           1  main.o(.data)
    Mode                                     0x20000009   Data           1  main.o(.data)
    Lidar_Detect                             0x2000000a   Data           1  main.o(.data)
    Angle_ADC                                0x2000000c   Data           2  main.o(.data)
    Flag_front                               0x2000000e   Data           2  main.o(.data)
    Flag_back                                0x20000010   Data           2  main.o(.data)
    Flag_Left                                0x20000012   Data           2  main.o(.data)
    Flag_Right                               0x20000014   Data           2  main.o(.data)
    Encoder_Left                             0x20000018   Data           4  main.o(.data)
    Encoder_Right                            0x2000001c   Data           4  main.o(.data)
    Motor_Left                               0x20000020   Data           4  main.o(.data)
    Motor_Right                              0x20000024   Data           4  main.o(.data)
    Voltage                                  0x20000028   Data           4  main.o(.data)
    Angle_Balance                            0x2000002c   Data           4  main.o(.data)
    Gyro_Balance                             0x20000030   Data           4  main.o(.data)
    Gyro_Turn                                0x20000034   Data           4  main.o(.data)
    PID_Send                                 0x20000038   Data           1  main.o(.data)
    Acceleration_Z                           0x2000003c   Data           4  main.o(.data)
    __stdout                                 0x20000040   Data           4  usart.o(.data)
    uwTickFreq                               0x20000044   Data           1  stm32f1xx_hal.o(.data)
    uwTickPrio                               0x20000048   Data           4  stm32f1xx_hal.o(.data)
    uwTick                                   0x2000004c   Data           4  stm32f1xx_hal.o(.data)
    SystemCoreClock                          0x20000050   Data           4  system_stm32f1xx.o(.data)
    sensors                                  0x20000094   Data           2  mpu6050.o(.data)
    q0                                       0x20000098   Data           4  mpu6050.o(.data)
    q1                                       0x2000009c   Data           4  mpu6050.o(.data)
    q2                                       0x200000a0   Data           4  mpu6050.o(.data)
    q3                                       0x200000a4   Data           4  mpu6050.o(.data)
    Roll                                     0x200000a8   Data           4  mpu6050.o(.data)
    Pitch                                    0x200000ac   Data           4  mpu6050.o(.data)
    Yaw                                      0x200000b0   Data           4  mpu6050.o(.data)
    gyro                                     0x200000b4   Data           6  mpu6050.o(.data)
    accel                                    0x200000ba   Data           6  mpu6050.o(.data)
    Usart3_Receive_buf                       0x200000d2   Data           1  usart3.o(.data)
    Usart3_Receive                           0x200000d3   Data           1  usart3.o(.data)
    temp_data                                0x200000d4   Data           1  usart3.o(.data)
    count                                    0x20000104   Data           1  control.o(.data)
    stop                                     0x20000105   Data           1  control.o(.data)
    Accel_Y                                  0x20000108   Data           2  control.o(.data)
    Accel_Z                                  0x2000010a   Data           2  control.o(.data)
    Accel_X                                  0x2000010c   Data           2  control.o(.data)
    Accel_Angle_x                            0x2000010e   Data           2  control.o(.data)
    Accel_Angle_y                            0x20000110   Data           2  control.o(.data)
    Gyro_X                                   0x20000112   Data           2  control.o(.data)
    Gyro_Z                                   0x20000114   Data           2  control.o(.data)
    Gyro_Y                                   0x20000116   Data           2  control.o(.data)
    K11                                      0x20000118   Data           4  control.o(.data)
    K12                                      0x2000011c   Data           4  control.o(.data)
    K13                                      0x20000120   Data           4  control.o(.data)
    K14                                      0x20000124   Data           4  control.o(.data)
    K15                                      0x20000128   Data           4  control.o(.data)
    K16                                      0x2000012c   Data           4  control.o(.data)
    K17                                      0x20000130   Data           4  control.o(.data)
    K18                                      0x20000134   Data           4  control.o(.data)
    K21                                      0x20000138   Data           4  control.o(.data)
    K22                                      0x2000013c   Data           4  control.o(.data)
    K23                                      0x20000140   Data           4  control.o(.data)
    K24                                      0x20000144   Data           4  control.o(.data)
    K25                                      0x20000148   Data           4  control.o(.data)
    K26                                      0x2000014c   Data           4  control.o(.data)
    K27                                      0x20000150   Data           4  control.o(.data)
    K28                                      0x20000154   Data           4  control.o(.data)
    t                                        0x20000158   Data           4  control.o(.data)
    mid                                      0x2000015c   Data           4  control.o(.data)
    Moto_Ki                                  0x20000160   Data           4  control.o(.data)
    Moto_Kp                                  0x20000164   Data           4  control.o(.data)
    Target_theta_L                           0x20000184   Data           4  control.o(.data)
    Target_theta_R                           0x20000188   Data           4  control.o(.data)
    Target_theta_L_dot                       0x2000018c   Data           4  control.o(.data)
    Target_theta_R_dot                       0x20000190   Data           4  control.o(.data)
    Target_theta_1                           0x20000194   Data           4  control.o(.data)
    u_L                                      0x20000198   Data           4  control.o(.data)
    u_R                                      0x2000019c   Data           4  control.o(.data)
    theta_2                                  0x200001a0   Data           4  control.o(.data)
    last_theta_2                             0x200001a4   Data           4  control.o(.data)
    theta_dot_2                              0x200001a8   Data           4  control.o(.data)
    last_theta_dot_2                         0x200001ac   Data           4  control.o(.data)
    theta_L_dot_instant                      0x200001b0   Data           4  control.o(.data)
    theta_R_dot_instant                      0x200001b4   Data           4  control.o(.data)
    theta_L                                  0x200001b8   Data           4  control.o(.data)
    theta_R                                  0x200001bc   Data           4  control.o(.data)
    last_theta_L                             0x200001c0   Data           4  control.o(.data)
    last_theta_R                             0x200001c4   Data           4  control.o(.data)
    theta_L_dot                              0x200001c8   Data           4  control.o(.data)
    theta_R_dot                              0x200001cc   Data           4  control.o(.data)
    TargetVal_L                              0x200001d0   Data           4  control.o(.data)
    TargetVal_R                              0x200001d4   Data           4  control.o(.data)
    theta_1                                  0x200001d8   Data           4  control.o(.data)
    theta_dot_1                              0x200001dc   Data           4  control.o(.data)
    PWM_L                                    0x200001e0   Data           4  control.o(.data)
    PWM_R                                    0x200001e4   Data           4  control.o(.data)
    Velocity_Left                            0x200001ec   Data           4  show.o(.data)
    Velocity_Right                           0x200001f0   Data           4  show.o(.data)
    Displacement                             0x200001f4   Data           4  show.o(.data)
    dt                                       0x200001f8   Data           4  filter.o(.data)
    hadc2                                    0x200002cc   Data          48  adc.o(.bss)
    htim3                                    0x200002fc   Data          72  tim.o(.bss)
    htim4                                    0x20000344   Data          72  tim.o(.bss)
    htim8                                    0x2000038c   Data          72  tim.o(.bss)
    Send_Data                                0x200003d4   Data          48  usart.o(.bss)
    Receive_Data                             0x20000404   Data          32  usart.o(.bss)
    huart5                                   0x20000424   Data          72  usart.o(.bss)
    huart1                                   0x2000046c   Data          72  usart.o(.bss)
    huart3                                   0x200004b4   Data          72  usart.o(.bss)
    OLED_GRAM                                0x200004fc   Data        1024  oled.o(.bss)
    DataScope_OutPut_Buffer                  0x2000090c   Data          42  datascope_dp.o(.bss)
    PointDataProcess                         0x20000968   Data        1800  lidar.o(.bss)
    Pack_Data                                0x20001070   Data          58  lidar.o(.bss)
    Dataprocess                              0x200010ac   Data        1800  lidar.o(.bss)
    __libspace_start                         0x200017d4   Data          96  libspace.o(.bss)
    __temporary_stack_top$libspace           0x20001834   Data           0  libspace.o(.bss)



==============================================================================

Memory Map of the image

  Image Entry point : 0x08000131

  Load Region LR_IROM1 (Base: 0x08000000, Size: 0x0000b334, Max: 0x00040000, ABSOLUTE, COMPRESSED[0x0000b0dc])

    Execution Region ER_IROM1 (Exec base: 0x08000000, Load base: 0x08000000, Size: 0x0000b068, Max: 0x00040000, ABSOLUTE)

    Exec Addr    Load Addr    Size         Type   Attr      Idx    E Section Name        Object

    0x08000000   0x08000000   0x00000130   Data   RO            3    RESET               startup_stm32f103xe.o
    0x08000130   0x08000130   0x00000008   Code   RO         4816  * !!!main             c_w.l(__main.o)
    0x08000138   0x08000138   0x00000034   Code   RO         5151    !!!scatter          c_w.l(__scatter.o)
    0x0800016c   0x0800016c   0x0000005a   Code   RO         5149    !!dczerorl2         c_w.l(__dczerorl2.o)
    0x080001c6   0x080001c6   0x00000002   PAD
    0x080001c8   0x080001c8   0x0000001c   Code   RO         5153    !!handler_zi        c_w.l(__scatter_zi.o)
    0x080001e4   0x080001e4   0x00000000   Code   RO         4805    .ARM.Collect$$_printf_percent$$00000000  c_w.l(_printf_percent.o)
    0x080001e4   0x080001e4   0x00000006   Code   RO         4804    .ARM.Collect$$_printf_percent$$00000009  c_w.l(_printf_d.o)
    0x080001ea   0x080001ea   0x00000004   Code   RO         4913    .ARM.Collect$$_printf_percent$$00000017  c_w.l(_printf_percent_end.o)
    0x080001ee   0x080001ee   0x00000002   Code   RO         5018    .ARM.Collect$$libinit$$00000000  c_w.l(libinit.o)
    0x080001f0   0x080001f0   0x00000000   Code   RO         5030    .ARM.Collect$$libinit$$00000002  c_w.l(libinit2.o)
    0x080001f0   0x080001f0   0x00000000   Code   RO         5032    .ARM.Collect$$libinit$$00000004  c_w.l(libinit2.o)
    0x080001f0   0x080001f0   0x00000000   Code   RO         5035    .ARM.Collect$$libinit$$0000000A  c_w.l(libinit2.o)
    0x080001f0   0x080001f0   0x00000000   Code   RO         5037    .ARM.Collect$$libinit$$0000000C  c_w.l(libinit2.o)
    0x080001f0   0x080001f0   0x00000000   Code   RO         5039    .ARM.Collect$$libinit$$0000000E  c_w.l(libinit2.o)
    0x080001f0   0x080001f0   0x00000000   Code   RO         5042    .ARM.Collect$$libinit$$00000011  c_w.l(libinit2.o)
    0x080001f0   0x080001f0   0x00000000   Code   RO         5044    .ARM.Collect$$libinit$$00000013  c_w.l(libinit2.o)
    0x080001f0   0x080001f0   0x00000000   Code   RO         5046    .ARM.Collect$$libinit$$00000015  c_w.l(libinit2.o)
    0x080001f0   0x080001f0   0x00000000   Code   RO         5048    .ARM.Collect$$libinit$$00000017  c_w.l(libinit2.o)
    0x080001f0   0x080001f0   0x00000000   Code   RO         5050    .ARM.Collect$$libinit$$00000019  c_w.l(libinit2.o)
    0x080001f0   0x080001f0   0x00000000   Code   RO         5052    .ARM.Collect$$libinit$$0000001B  c_w.l(libinit2.o)
    0x080001f0   0x080001f0   0x00000000   Code   RO         5054    .ARM.Collect$$libinit$$0000001D  c_w.l(libinit2.o)
    0x080001f0   0x080001f0   0x00000000   Code   RO         5056    .ARM.Collect$$libinit$$0000001F  c_w.l(libinit2.o)
    0x080001f0   0x080001f0   0x00000000   Code   RO         5058    .ARM.Collect$$libinit$$00000021  c_w.l(libinit2.o)
    0x080001f0   0x080001f0   0x00000000   Code   RO         5060    .ARM.Collect$$libinit$$00000023  c_w.l(libinit2.o)
    0x080001f0   0x080001f0   0x00000000   Code   RO         5062    .ARM.Collect$$libinit$$00000025  c_w.l(libinit2.o)
    0x080001f0   0x080001f0   0x00000000   Code   RO         5066    .ARM.Collect$$libinit$$0000002C  c_w.l(libinit2.o)
    0x080001f0   0x080001f0   0x00000000   Code   RO         5068    .ARM.Collect$$libinit$$0000002E  c_w.l(libinit2.o)
    0x080001f0   0x080001f0   0x00000000   Code   RO         5070    .ARM.Collect$$libinit$$00000030  c_w.l(libinit2.o)
    0x080001f0   0x080001f0   0x00000000   Code   RO         5072    .ARM.Collect$$libinit$$00000032  c_w.l(libinit2.o)
    0x080001f0   0x080001f0   0x00000002   Code   RO         5073    .ARM.Collect$$libinit$$00000033  c_w.l(libinit2.o)
    0x080001f2   0x080001f2   0x00000002   Code   RO         5101    .ARM.Collect$$libshutdown$$00000000  c_w.l(libshutdown.o)
    0x080001f4   0x080001f4   0x00000000   Code   RO         5115    .ARM.Collect$$libshutdown$$00000002  c_w.l(libshutdown2.o)
    0x080001f4   0x080001f4   0x00000000   Code   RO         5117    .ARM.Collect$$libshutdown$$00000004  c_w.l(libshutdown2.o)
    0x080001f4   0x080001f4   0x00000000   Code   RO         5120    .ARM.Collect$$libshutdown$$00000007  c_w.l(libshutdown2.o)
    0x080001f4   0x080001f4   0x00000000   Code   RO         5123    .ARM.Collect$$libshutdown$$0000000A  c_w.l(libshutdown2.o)
    0x080001f4   0x080001f4   0x00000000   Code   RO         5125    .ARM.Collect$$libshutdown$$0000000C  c_w.l(libshutdown2.o)
    0x080001f4   0x080001f4   0x00000000   Code   RO         5128    .ARM.Collect$$libshutdown$$0000000F  c_w.l(libshutdown2.o)
    0x080001f4   0x080001f4   0x00000002   Code   RO         5129    .ARM.Collect$$libshutdown$$00000010  c_w.l(libshutdown2.o)
    0x080001f6   0x080001f6   0x00000000   Code   RO         4904    .ARM.Collect$$rtentry$$00000000  c_w.l(__rtentry.o)
    0x080001f6   0x080001f6   0x00000000   Code   RO         4967    .ARM.Collect$$rtentry$$00000002  c_w.l(__rtentry2.o)
    0x080001f6   0x080001f6   0x00000006   Code   RO         4979    .ARM.Collect$$rtentry$$00000004  c_w.l(__rtentry4.o)
    0x080001fc   0x080001fc   0x00000000   Code   RO         4969    .ARM.Collect$$rtentry$$00000009  c_w.l(__rtentry2.o)
    0x080001fc   0x080001fc   0x00000004   Code   RO         4970    .ARM.Collect$$rtentry$$0000000A  c_w.l(__rtentry2.o)
    0x08000200   0x08000200   0x00000000   Code   RO         4972    .ARM.Collect$$rtentry$$0000000C  c_w.l(__rtentry2.o)
    0x08000200   0x08000200   0x00000008   Code   RO         4973    .ARM.Collect$$rtentry$$0000000D  c_w.l(__rtentry2.o)
    0x08000208   0x08000208   0x00000002   Code   RO         5023    .ARM.Collect$$rtexit$$00000000  c_w.l(rtexit.o)
    0x0800020a   0x0800020a   0x00000000   Code   RO         5075    .ARM.Collect$$rtexit$$00000002  c_w.l(rtexit2.o)
    0x0800020a   0x0800020a   0x00000004   Code   RO         5076    .ARM.Collect$$rtexit$$00000003  c_w.l(rtexit2.o)
    0x0800020e   0x0800020e   0x00000006   Code   RO         5077    .ARM.Collect$$rtexit$$00000004  c_w.l(rtexit2.o)
    0x08000214   0x08000214   0x00000040   Code   RO            4    .text               startup_stm32f103xe.o
    0x08000254   0x08000254   0x00000002   Code   RO         4770    .text               c_w.l(use_no_semi_2.o)
    0x08000256   0x08000256   0x00000048   Code   RO         4774    .text               c_w.l(llsdiv.o)
    0x0800029e   0x0800029e   0x00000002   PAD
    0x080002a0   0x080002a0   0x00000018   Code   RO         4778    .text               c_w.l(noretval__2printf.o)
    0x080002b8   0x080002b8   0x00000068   Code   RO         4780    .text               c_w.l(__printf.o)
    0x08000320   0x08000320   0x00000078   Code   RO         4782    .text               c_w.l(_printf_dec.o)
    0x08000398   0x08000398   0x00000058   Code   RO         4806    .text               c_w.l(memcmp.o)
    0x080003f0   0x080003f0   0x00000010   Code   RO         4808    .text               c_w.l(aeabi_memset.o)
    0x08000400   0x08000400   0x00000044   Code   RO         4810    .text               c_w.l(rt_memclr.o)
    0x08000444   0x08000444   0x0000004e   Code   RO         4812    .text               c_w.l(rt_memclr_w.o)
    0x08000492   0x08000492   0x00000006   Code   RO         4814    .text               c_w.l(heapauxi.o)
    0x08000498   0x08000498   0x00000002   Code   RO         4902    .text               c_w.l(use_no_semi.o)
    0x0800049a   0x0800049a   0x000000ee   Code   RO         4905    .text               c_w.l(lludivv7m.o)
    0x08000588   0x08000588   0x00000016   Code   RO         4907    .text               c_w.l(_rserrno.o)
    0x0800059e   0x0800059e   0x000000b2   Code   RO         4909    .text               c_w.l(_printf_intcommon.o)
    0x08000650   0x08000650   0x00000024   Code   RO         4911    .text               c_w.l(_printf_char_file.o)
    0x08000674   0x08000674   0x00000008   Code   RO         4988    .text               c_w.l(rt_errno_addr_intlibspace.o)
    0x0800067c   0x0800067c   0x00000030   Code   RO         4990    .text               c_w.l(_printf_char_common.o)
    0x080006ac   0x080006ac   0x00000008   Code   RO         4992    .text               c_w.l(ferror.o)
    0x080006b4   0x080006b4   0x00000008   Code   RO         5002    .text               c_w.l(libspace.o)
    0x080006bc   0x080006bc   0x0000004a   Code   RO         5005    .text               c_w.l(sys_stackheap_outer.o)
    0x08000706   0x08000706   0x00000012   Code   RO         5011    .text               c_w.l(exit.o)
    0x08000718   0x08000718   0x00000056   Code   RO          706    i.ADC_ConversionStop_Disable  stm32f1xx_hal_adc.o
    0x0800076e   0x0800076e   0x00000002   PAD
    0x08000770   0x08000770   0x0000007c   Code   RO          710    i.ADC_Enable        stm32f1xx_hal_adc.o
    0x080007ec   0x080007ec   0x0000014c   Code   RO         4649    i.APP_Show          show.o
    0x08000938   0x08000938   0x00000010   Code   RO         3395    i.BEEP_GPIO_Config  beep.o
    0x08000948   0x08000948   0x00000002   Code   RO          553    i.BusFault_Handler  stm32f1xx_it.o
    0x0800094a   0x0800094a   0x00000002   PAD
    0x0800094c   0x0800094c   0x00000044   Code   RO         4695    i.Complementary_Filter_x  filter.o
    0x08000990   0x08000990   0x00000044   Code   RO         4696    i.Complementary_Filter_y  filter.o
    0x080009d4   0x080009d4   0x00000230   Code   RO         4121    i.DMP_Init          mpu6050.o
    0x08000c04   0x08000c04   0x00000060   Code   RO         4650    i.DataScope         show.o
    0x08000c64   0x08000c64   0x00000080   Code   RO         4278    i.DataScope_Data_Generate  datascope_dp.o
    0x08000ce4   0x08000ce4   0x00000054   Code   RO         4279    i.DataScope_Get_Channel_Data  datascope_dp.o
    0x08000d38   0x08000d38   0x00000002   Code   RO          554    i.DebugMon_Handler  stm32f1xx_it.o
    0x08000d3a   0x08000d3a   0x00000008   Code   RO          555    i.EXTI9_5_IRQHandler  stm32f1xx_it.o
    0x08000d42   0x08000d42   0x00000004   Code   RO           13    i.Error_Handler     main.o
    0x08000d46   0x08000d46   0x00000014   Code   RO         4280    i.Float2Byte        datascope_dp.o
    0x08000d5a   0x08000d5a   0x00000002   PAD
    0x08000d5c   0x08000d5c   0x00000038   Code   RO          320    i.Get_Adc           adc.o
    0x08000d94   0x08000d94   0x0000002e   Code   RO          321    i.Get_Adc_Average   adc.o
    0x08000dc2   0x08000dc2   0x00000002   PAD
    0x08000dc4   0x08000dc4   0x00000250   Code   RO         4572    i.Get_Angle         control.o
    0x08001014   0x08001014   0x00000044   Code   RO          322    i.Get_battery_volt  adc.o
    0x08001058   0x08001058   0x000000d8   Code   RO          886    i.HAL_ADCEx_Calibration_Start  stm32f1xx_hal_adc_ex.o
    0x08001130   0x08001130   0x000000fc   Code   RO          712    i.HAL_ADC_ConfigChannel  stm32f1xx_hal_adc.o
    0x0800122c   0x0800122c   0x00000006   Code   RO          719    i.HAL_ADC_GetValue  stm32f1xx_hal_adc.o
    0x08001232   0x08001232   0x00000002   PAD
    0x08001234   0x08001234   0x00000124   Code   RO          721    i.HAL_ADC_Init      stm32f1xx_hal_adc.o
    0x08001358   0x08001358   0x00000058   Code   RO          324    i.HAL_ADC_MspInit   adc.o
    0x080013b0   0x080013b0   0x0000013c   Code   RO          725    i.HAL_ADC_PollForConversion  stm32f1xx_hal_adc.o
    0x080014ec   0x080014ec   0x000000c0   Code   RO          727    i.HAL_ADC_Start     stm32f1xx_hal_adc.o
    0x080015ac   0x080015ac   0x00000046   Code   RO         1363    i.HAL_DMA_Abort     stm32f1xx_hal_dma.o
    0x080015f2   0x080015f2   0x00000002   PAD
    0x080015f4   0x080015f4   0x00000130   Code   RO         1364    i.HAL_DMA_Abort_IT  stm32f1xx_hal_dma.o
    0x08001724   0x08001724   0x00000560   Code   RO         4573    i.HAL_GPIO_EXTI_Callback  control.o
    0x08001c84   0x08001c84   0x00000018   Code   RO         1298    i.HAL_GPIO_EXTI_IRQHandler  stm32f1xx_hal_gpio.o
    0x08001c9c   0x08001c9c   0x000001f8   Code   RO         1299    i.HAL_GPIO_Init     stm32f1xx_hal_gpio.o
    0x08001e94   0x08001e94   0x0000000a   Code   RO         1303    i.HAL_GPIO_WritePin  stm32f1xx_hal_gpio.o
    0x08001e9e   0x08001e9e   0x00000002   PAD
    0x08001ea0   0x08001ea0   0x0000000c   Code   RO          993    i.HAL_GetTick       stm32f1xx_hal.o
    0x08001eac   0x08001eac   0x00000010   Code   RO          999    i.HAL_IncTick       stm32f1xx_hal.o
    0x08001ebc   0x08001ebc   0x00000024   Code   RO         1000    i.HAL_Init          stm32f1xx_hal.o
    0x08001ee0   0x08001ee0   0x00000040   Code   RO         1001    i.HAL_InitTick      stm32f1xx_hal.o
    0x08001f20   0x08001f20   0x00000044   Code   RO          646    i.HAL_MspInit       stm32f1xx_hal_msp.o
    0x08001f64   0x08001f64   0x0000001a   Code   RO         1459    i.HAL_NVIC_EnableIRQ  stm32f1xx_hal_cortex.o
    0x08001f7e   0x08001f7e   0x00000002   PAD
    0x08001f80   0x08001f80   0x00000040   Code   RO         1465    i.HAL_NVIC_SetPriority  stm32f1xx_hal_cortex.o
    0x08001fc0   0x08001fc0   0x00000024   Code   RO         1466    i.HAL_NVIC_SetPriorityGrouping  stm32f1xx_hal_cortex.o
    0x08001fe4   0x08001fe4   0x000000b8   Code   RO         1260    i.HAL_RCCEx_GetPeriphCLKFreq  stm32f1xx_hal_rcc_ex.o
    0x0800209c   0x0800209c   0x000000ec   Code   RO         1261    i.HAL_RCCEx_PeriphCLKConfig  stm32f1xx_hal_rcc_ex.o
    0x08002188   0x08002188   0x0000012c   Code   RO         1157    i.HAL_RCC_ClockConfig  stm32f1xx_hal_rcc.o
    0x080022b4   0x080022b4   0x00000020   Code   RO         1164    i.HAL_RCC_GetPCLK1Freq  stm32f1xx_hal_rcc.o
    0x080022d4   0x080022d4   0x00000020   Code   RO         1165    i.HAL_RCC_GetPCLK2Freq  stm32f1xx_hal_rcc.o
    0x080022f4   0x080022f4   0x0000004c   Code   RO         1166    i.HAL_RCC_GetSysClockFreq  stm32f1xx_hal_rcc.o
    0x08002340   0x08002340   0x00000320   Code   RO         1169    i.HAL_RCC_OscConfig  stm32f1xx_hal_rcc.o
    0x08002660   0x08002660   0x00000028   Code   RO         1470    i.HAL_SYSTICK_Config  stm32f1xx_hal_cortex.o
    0x08002688   0x08002688   0x0000007c   Code   RO         2684    i.HAL_TIMEx_MasterConfigSynchronization  stm32f1xx_hal_tim_ex.o
    0x08002704   0x08002704   0x0000005a   Code   RO         1961    i.HAL_TIM_Base_Init  stm32f1xx_hal_tim.o
    0x0800275e   0x0800275e   0x00000002   PAD
    0x08002760   0x08002760   0x00000028   Code   RO          381    i.HAL_TIM_Base_MspInit  tim.o
    0x08002788   0x08002788   0x000000dc   Code   RO         1970    i.HAL_TIM_ConfigClockSource  stm32f1xx_hal_tim.o
    0x08002864   0x08002864   0x000000a4   Code   RO         1982    i.HAL_TIM_Encoder_Init  stm32f1xx_hal_tim.o
    0x08002908   0x08002908   0x0000008c   Code   RO          383    i.HAL_TIM_Encoder_MspInit  tim.o
    0x08002994   0x08002994   0x0000008e   Code   RO         1985    i.HAL_TIM_Encoder_Start  stm32f1xx_hal_tim.o
    0x08002a22   0x08002a22   0x00000002   PAD
    0x08002a24   0x08002a24   0x00000070   Code   RO          384    i.HAL_TIM_MspPostInit  tim.o
    0x08002a94   0x08002a94   0x000000cc   Code   RO         2033    i.HAL_TIM_PWM_ConfigChannel  stm32f1xx_hal_tim.o
    0x08002b60   0x08002b60   0x0000005a   Code   RO         2036    i.HAL_TIM_PWM_Init  stm32f1xx_hal_tim.o
    0x08002bba   0x08002bba   0x00000002   Code   RO         2038    i.HAL_TIM_PWM_MspInit  stm32f1xx_hal_tim.o
    0x08002bbc   0x08002bbc   0x000000b4   Code   RO         2041    i.HAL_TIM_PWM_Start  stm32f1xx_hal_tim.o
    0x08002c70   0x08002c70   0x00000002   Code   RO         2944    i.HAL_UARTEx_RxEventCallback  stm32f1xx_hal_uart.o
    0x08002c72   0x08002c72   0x00000002   Code   RO         2958    i.HAL_UART_ErrorCallback  stm32f1xx_hal_uart.o
    0x08002c74   0x08002c74   0x0000026c   Code   RO         2961    i.HAL_UART_IRQHandler  stm32f1xx_hal_uart.o
    0x08002ee0   0x08002ee0   0x00000064   Code   RO         2962    i.HAL_UART_Init     stm32f1xx_hal_uart.o
    0x08002f44   0x08002f44   0x00000140   Code   RO          454    i.HAL_UART_MspInit  usart.o
    0x08003084   0x08003084   0x0000001c   Code   RO         2967    i.HAL_UART_Receive_IT  stm32f1xx_hal_uart.o
    0x080030a0   0x080030a0   0x00000358   Code   RO         4425    i.HAL_UART_RxCpltCallback  usart3.o
    0x080033f8   0x080033f8   0x00000002   Code   RO         2973    i.HAL_UART_TxCpltCallback  stm32f1xx_hal_uart.o
    0x080033fa   0x080033fa   0x00000002   Code   RO          556    i.HardFault_Handler  stm32f1xx_it.o
    0x080033fc   0x080033fc   0x0000003e   Code   RO         3525    i.I2C_ReadOneByte   ioi2c.o
    0x0800343a   0x0800343a   0x00000002   PAD
    0x0800343c   0x0800343c   0x00000040   Code   RO         3526    i.IIC_Ack           ioi2c.o
    0x0800347c   0x0800347c   0x00000040   Code   RO         3527    i.IIC_NAck          ioi2c.o
    0x080034bc   0x080034bc   0x0000006c   Code   RO         3528    i.IIC_Read_Byte     ioi2c.o
    0x08003528   0x08003528   0x00000060   Code   RO         3529    i.IIC_Send_Byte     ioi2c.o
    0x08003588   0x08003588   0x00000050   Code   RO         3530    i.IIC_Start         ioi2c.o
    0x080035d8   0x080035d8   0x00000040   Code   RO         3531    i.IIC_Stop          ioi2c.o
    0x08003618   0x08003618   0x00000058   Code   RO         3532    i.IIC_Wait_Ack      ioi2c.o
    0x08003670   0x08003670   0x0000000e   Code   RO         3533    i.IICreadByte       ioi2c.o
    0x0800367e   0x0800367e   0x00000032   Code   RO         3535    i.IICwriteBit       ioi2c.o
    0x080036b0   0x080036b0   0x00000054   Code   RO         3536    i.IICwriteBits      ioi2c.o
    0x08003704   0x08003704   0x0000000c   Code   RO         3537    i.IICwriteByte      ioi2c.o
    0x08003710   0x08003710   0x00000044   Code   RO         3538    i.IICwriteBytes     ioi2c.o
    0x08003754   0x08003754   0x00000064   Code   RO         4574    i.Incremental_L     control.o
    0x080037b8   0x080037b8   0x00000064   Code   RO         4575    i.Incremental_R     control.o
    0x0800381c   0x0800381c   0x00000028   Code   RO         4545    i.JTAG_Set          sys.o
    0x08003844   0x08003844   0x00000104   Code   RO         3358    i.KEY_Scan          key.o
    0x08003948   0x08003948   0x00000258   Code   RO         4732    i.KF_X              kf.o
    0x08003ba0   0x08003ba0   0x00000260   Code   RO         4733    i.KF_Y              kf.o
    0x08003e00   0x08003e00   0x00000030   Code   RO         3333    i.Led_Flash         led.o
    0x08003e30   0x08003e30   0x0000002a   Code   RO         4123    i.MPU6050_initialize  mpu6050.o
    0x08003e5a   0x08003e5a   0x00000012   Code   RO         4125    i.MPU6050_setClockSource  mpu6050.o
    0x08003e6c   0x08003e6c   0x00000012   Code   RO         4126    i.MPU6050_setFullScaleAccelRange  mpu6050.o
    0x08003e7e   0x08003e7e   0x00000012   Code   RO         4127    i.MPU6050_setFullScaleGyroRange  mpu6050.o
    0x08003e90   0x08003e90   0x0000000c   Code   RO         4128    i.MPU6050_setI2CBypassEnabled  mpu6050.o
    0x08003e9c   0x08003e9c   0x0000000c   Code   RO         4129    i.MPU6050_setI2CMasterModeEnabled  mpu6050.o
    0x08003ea8   0x08003ea8   0x0000000c   Code   RO         4130    i.MPU6050_setSleepEnabled  mpu6050.o
    0x08003eb4   0x08003eb4   0x00000038   Code   RO          325    i.MX_ADC2_Init      adc.o
    0x08003eec   0x08003eec   0x00000164   Code   RO          292    i.MX_GPIO_Init      gpio.o
    0x08004050   0x08004050   0x000000e8   Code   RO          385    i.MX_TIM3_Init      tim.o
    0x08004138   0x08004138   0x00000074   Code   RO          386    i.MX_TIM4_Init      tim.o
    0x080041ac   0x080041ac   0x00000074   Code   RO          387    i.MX_TIM8_Init      tim.o
    0x08004220   0x08004220   0x00000044   Code   RO          455    i.MX_UART5_Init     usart.o
    0x08004264   0x08004264   0x00000038   Code   RO          456    i.MX_USART1_UART_Init  usart.o
    0x0800429c   0x0800429c   0x00000044   Code   RO          457    i.MX_USART3_UART_Init  usart.o
    0x080042e0   0x080042e0   0x00000002   Code   RO          557    i.MemManage_Handler  stm32f1xx_it.o
    0x080042e2   0x080042e2   0x00000002   Code   RO          558    i.NMI_Handler       stm32f1xx_it.o
    0x080042e4   0x080042e4   0x0000014c   Code   RO         4576    i.Normal            control.o
    0x08004430   0x08004430   0x0000002c   Code   RO         3426    i.OLED_Clear        oled.o
    0x0800445c   0x0800445c   0x0000003c   Code   RO         3429    i.OLED_DrawPoint    oled.o
    0x08004498   0x08004498   0x000000f8   Code   RO         3430    i.OLED_Init         oled.o
    0x08004590   0x08004590   0x0000004c   Code   RO         3432    i.OLED_Refresh_Gram  oled.o
    0x080045dc   0x080045dc   0x00000090   Code   RO         3433    i.OLED_ShowChar     oled.o
    0x0800466c   0x0800466c   0x00000078   Code   RO         3434    i.OLED_ShowNumber   oled.o
    0x080046e4   0x080046e4   0x0000003e   Code   RO         3435    i.OLED_ShowString   oled.o
    0x08004722   0x08004722   0x00000002   PAD
    0x08004724   0x08004724   0x00000048   Code   RO         3436    i.OLED_WR_Byte      oled.o
    0x0800476c   0x0800476c   0x0000000e   Code   RO         4577    i.PWM_Limit         control.o
    0x0800477a   0x0800477a   0x00000002   Code   RO          559    i.PendSV_Handler    stm32f1xx_it.o
    0x0800477c   0x0800477c   0x000001b0   Code   RO         4132    i.Read_DMP          mpu6050.o
    0x0800492c   0x0800492c   0x00000030   Code   RO         4239    i.Read_Encoder      encoder.o
    0x0800495c   0x0800495c   0x00000002   Code   RO          560    i.SVC_Handler       stm32f1xx_it.o
    0x0800495e   0x0800495e   0x00000002   PAD
    0x08004960   0x08004960   0x00000044   Code   RO         4578    i.Set_Pwm           control.o
    0x080049a4   0x080049a4   0x00000004   Code   RO          561    i.SysTick_Handler   stm32f1xx_it.o
    0x080049a8   0x080049a8   0x0000007a   Code   RO           14    i.SystemClock_Config  main.o
    0x08004a22   0x08004a22   0x00000002   Code   RO         3296    i.SystemInit        system_stm32f1xx.o
    0x08004a24   0x08004a24   0x0000008c   Code   RO         2054    i.TIM_Base_SetConfig  stm32f1xx_hal_tim.o
    0x08004ab0   0x08004ab0   0x0000001a   Code   RO         2055    i.TIM_CCxChannelCmd  stm32f1xx_hal_tim.o
    0x08004aca   0x08004aca   0x00000014   Code   RO         2065    i.TIM_ETR_SetConfig  stm32f1xx_hal_tim.o
    0x08004ade   0x08004ade   0x00000010   Code   RO         2066    i.TIM_ITRx_SetConfig  stm32f1xx_hal_tim.o
    0x08004aee   0x08004aee   0x00000002   PAD
    0x08004af0   0x08004af0   0x00000060   Code   RO         2067    i.TIM_OC1_SetConfig  stm32f1xx_hal_tim.o
    0x08004b50   0x08004b50   0x0000006c   Code   RO         2068    i.TIM_OC2_SetConfig  stm32f1xx_hal_tim.o
    0x08004bbc   0x08004bbc   0x00000068   Code   RO         2069    i.TIM_OC3_SetConfig  stm32f1xx_hal_tim.o
    0x08004c24   0x08004c24   0x00000050   Code   RO         2070    i.TIM_OC4_SetConfig  stm32f1xx_hal_tim.o
    0x08004c74   0x08004c74   0x00000022   Code   RO         2072    i.TIM_TI1_ConfigInputStage  stm32f1xx_hal_tim.o
    0x08004c96   0x08004c96   0x00000024   Code   RO         2074    i.TIM_TI2_ConfigInputStage  stm32f1xx_hal_tim.o
    0x08004cba   0x08004cba   0x00000002   PAD
    0x08004cbc   0x08004cbc   0x0000000c   Code   RO          562    i.UART5_IRQHandler  stm32f1xx_it.o
    0x08004cc8   0x08004cc8   0x00000010   Code   RO         2975    i.UART_DMAAbortOnError  stm32f1xx_hal_uart.o
    0x08004cd8   0x08004cd8   0x0000004e   Code   RO         2985    i.UART_EndRxTransfer  stm32f1xx_hal_uart.o
    0x08004d26   0x08004d26   0x000000c2   Code   RO         2987    i.UART_Receive_IT   stm32f1xx_hal_uart.o
    0x08004de8   0x08004de8   0x000000b8   Code   RO         2988    i.UART_SetConfig    stm32f1xx_hal_uart.o
    0x08004ea0   0x08004ea0   0x00000036   Code   RO         2990    i.UART_Start_Receive_IT  stm32f1xx_hal_uart.o
    0x08004ed6   0x08004ed6   0x00000002   PAD
    0x08004ed8   0x08004ed8   0x0000000c   Code   RO          563    i.USART3_IRQHandler  stm32f1xx_it.o
    0x08004ee4   0x08004ee4   0x00000002   Code   RO          564    i.UsageFault_Handler  stm32f1xx_it.o
    0x08004ee6   0x08004ee6   0x00000028   Code   RO         4953    i.__ARM_fpclassify  m_ws.l(fpclassify.o)
    0x08004f0e   0x08004f0e   0x00000020   Code   RO         1472    i.__NVIC_SetPriority  stm32f1xx_hal_cortex.o
    0x08004f2e   0x08004f2e   0x000000aa   Code   RO         4955    i.__kernel_poly     m_ws.l(poly.o)
    0x08004fd8   0x08004fd8   0x00000010   Code   RO         4939    i.__mathlib_dbl_divzero  m_ws.l(dunder.o)
    0x08004fe8   0x08004fe8   0x00000006   Code   RO         4940    i.__mathlib_dbl_infnan  m_ws.l(dunder.o)
    0x08004fee   0x08004fee   0x00000004   Code   RO         4941    i.__mathlib_dbl_infnan2  m_ws.l(dunder.o)
    0x08004ff2   0x08004ff2   0x0000000c   Code   RO         4942    i.__mathlib_dbl_invalid  m_ws.l(dunder.o)
    0x08004ffe   0x08004ffe   0x0000000e   Code   RO         4943    i.__mathlib_dbl_overflow  m_ws.l(dunder.o)
    0x0800500c   0x0800500c   0x00000010   Code   RO         4945    i.__mathlib_dbl_underflow  m_ws.l(dunder.o)
    0x0800501c   0x0800501c   0x00000002   Code   RO          460    i._sys_exit         usart.o
    0x0800501e   0x0800501e   0x00000002   PAD
    0x08005020   0x08005020   0x00000080   Code   RO         3641    i.accel_self_test   inv_mpu.o
    0x080050a0   0x080050a0   0x00000270   Code   RO         4875    i.asin              m_ws.l(asin.o)
    0x08005310   0x08005310   0x00000220   Code   RO         4930    i.atan              m_ws.l(atan.o)
    0x08005530   0x08005530   0x00000180   Code   RO         4885    i.atan2             m_ws.l(atan2.o)
    0x080056b0   0x080056b0   0x00000200   Code   RO         4458    i.data_process      lidar.o
    0x080058b0   0x080058b0   0x00000020   Code   RO         4499    i.delay_init        delay.o
    0x080058d0   0x080058d0   0x00000034   Code   RO         4500    i.delay_ms          delay.o
    0x08005904   0x08005904   0x00000034   Code   RO         4501    i.delay_us          delay.o
    0x08005938   0x08005938   0x0000003a   Code   RO         3942    i.dmp_enable_6x_lp_quat  inv_mpu_dmp_motion_driver.o
    0x08005972   0x08005972   0x00000002   PAD
    0x08005974   0x08005974   0x000001d8   Code   RO         3943    i.dmp_enable_feature  inv_mpu_dmp_motion_driver.o
    0x08005b4c   0x08005b4c   0x0000003c   Code   RO         3944    i.dmp_enable_gyro_cal  inv_mpu_dmp_motion_driver.o
    0x08005b88   0x08005b88   0x0000003a   Code   RO         3945    i.dmp_enable_lp_quat  inv_mpu_dmp_motion_driver.o
    0x08005bc2   0x08005bc2   0x00000002   PAD
    0x08005bc4   0x08005bc4   0x00000014   Code   RO         3950    i.dmp_load_motion_driver_firmware  inv_mpu_dmp_motion_driver.o
    0x08005bd8   0x08005bd8   0x00000144   Code   RO         3951    i.dmp_read_fifo     inv_mpu_dmp_motion_driver.o
    0x08005d1c   0x08005d1c   0x000000d8   Code   RO         3954    i.dmp_set_accel_bias  inv_mpu_dmp_motion_driver.o
    0x08005df4   0x08005df4   0x00000064   Code   RO         3955    i.dmp_set_fifo_rate  inv_mpu_dmp_motion_driver.o
    0x08005e58   0x08005e58   0x000000cc   Code   RO         3956    i.dmp_set_gyro_bias  inv_mpu_dmp_motion_driver.o
    0x08005f24   0x08005f24   0x0000010c   Code   RO         3958    i.dmp_set_orientation  inv_mpu_dmp_motion_driver.o
    0x08006030   0x08006030   0x00000030   Code   RO         3961    i.dmp_set_shake_reject_thresh  inv_mpu_dmp_motion_driver.o
    0x08006060   0x08006060   0x00000020   Code   RO         3962    i.dmp_set_shake_reject_time  inv_mpu_dmp_motion_driver.o
    0x08006080   0x08006080   0x00000020   Code   RO         3963    i.dmp_set_shake_reject_timeout  inv_mpu_dmp_motion_driver.o
    0x080060a0   0x080060a0   0x00000040   Code   RO         3964    i.dmp_set_tap_axes  inv_mpu_dmp_motion_driver.o
    0x080060e0   0x080060e0   0x00000022   Code   RO         3965    i.dmp_set_tap_count  inv_mpu_dmp_motion_driver.o
    0x08006102   0x08006102   0x00000002   PAD
    0x08006104   0x08006104   0x00000128   Code   RO         3966    i.dmp_set_tap_thresh  inv_mpu_dmp_motion_driver.o
    0x0800622c   0x0800622c   0x00000020   Code   RO         3967    i.dmp_set_tap_time  inv_mpu_dmp_motion_driver.o
    0x0800624c   0x0800624c   0x00000020   Code   RO         3968    i.dmp_set_tap_time_multi  inv_mpu_dmp_motion_driver.o
    0x0800626c   0x0800626c   0x00000034   Code   RO          462    i.fputc             usart.o
    0x080062a0   0x080062a0   0x000000ac   Code   RO         3642    i.get_accel_prod_shift  inv_mpu.o
    0x0800634c   0x0800634c   0x00000314   Code   RO         3643    i.get_st_biases     inv_mpu.o
    0x08006660   0x08006660   0x000000d4   Code   RO         3644    i.gyro_self_test    inv_mpu.o
    0x08006734   0x08006734   0x00000070   Code   RO         3539    i.i2cRead           ioi2c.o
    0x080067a4   0x080067a4   0x00000054   Code   RO         3540    i.i2cWrite          ioi2c.o
    0x080067f8   0x080067f8   0x00000048   Code   RO         4134    i.inv_row_2_scale   mpu6050.o
    0x08006840   0x08006840   0x00000070   Code   RO           15    i.main              main.o
    0x080068b0   0x080068b0   0x00000054   Code   RO         3645    i.mpu_configure_fifo  inv_mpu.o
    0x08006904   0x08006904   0x0000003c   Code   RO         3646    i.mpu_get_accel_fsr  inv_mpu.o
    0x08006940   0x08006940   0x00000044   Code   RO         3648    i.mpu_get_accel_sens  inv_mpu.o
    0x08006984   0x08006984   0x00000034   Code   RO         3654    i.mpu_get_gyro_fsr  inv_mpu.o
    0x080069b8   0x080069b8   0x00000040   Code   RO         3656    i.mpu_get_gyro_sens  inv_mpu.o
    0x080069f8   0x080069f8   0x00000038   Code   RO         3658    i.mpu_get_lpf       inv_mpu.o
    0x08006a30   0x08006a30   0x0000001c   Code   RO         3660    i.mpu_get_sample_rate  inv_mpu.o
    0x08006a4c   0x08006a4c   0x00000188   Code   RO         3662    i.mpu_init          inv_mpu.o
    0x08006bd4   0x08006bd4   0x000000a0   Code   RO         3663    i.mpu_load_firmware  inv_mpu.o
    0x08006c74   0x08006c74   0x000000b8   Code   RO         3664    i.mpu_lp_accel_mode  inv_mpu.o
    0x08006d2c   0x08006d2c   0x00000090   Code   RO         3667    i.mpu_read_fifo_stream  inv_mpu.o
    0x08006dbc   0x08006dbc   0x00000054   Code   RO         3668    i.mpu_read_mem      inv_mpu.o
    0x08006e10   0x08006e10   0x00000150   Code   RO         3671    i.mpu_reset_fifo    inv_mpu.o
    0x08006f60   0x08006f60   0x000000f0   Code   RO         3672    i.mpu_run_self_test  inv_mpu.o
    0x08007050   0x08007050   0x00000068   Code   RO         3674    i.mpu_set_accel_fsr  inv_mpu.o
    0x080070b8   0x080070b8   0x000000dc   Code   RO         3675    i.mpu_set_bypass    inv_mpu.o
    0x08007194   0x08007194   0x00000078   Code   RO         3677    i.mpu_set_dmp_state  inv_mpu.o
    0x0800720c   0x0800720c   0x0000006c   Code   RO         3678    i.mpu_set_gyro_fsr  inv_mpu.o
    0x08007278   0x08007278   0x00000064   Code   RO         3679    i.mpu_set_int_latched  inv_mpu.o
    0x080072dc   0x080072dc   0x0000006c   Code   RO         3681    i.mpu_set_lpf       inv_mpu.o
    0x08007348   0x08007348   0x00000080   Code   RO         3682    i.mpu_set_sample_rate  inv_mpu.o
    0x080073c8   0x080073c8   0x000000b8   Code   RO         3683    i.mpu_set_sensors   inv_mpu.o
    0x08007480   0x08007480   0x00000054   Code   RO         3684    i.mpu_write_mem     inv_mpu.o
    0x080074d4   0x080074d4   0x00000094   Code   RO         4734    i.mul               kf.o
    0x08007568   0x08007568   0x00000008   Code   RO         4580    i.myabs             control.o
    0x08007570   0x08007570   0x00000002   Code   RO         3685    i.myget_ms          inv_mpu.o
    0x08007572   0x08007572   0x00000010   Code   RO         3437    i.oled_pow          oled.o
    0x08007582   0x08007582   0x00000002   PAD
    0x08007584   0x08007584   0x0000033c   Code   RO         4652    i.oled_show         show.o
    0x080078c0   0x080078c0   0x000009d8   Code   RO         4893    i.pow               m_ws.l(pow.o)
    0x08008298   0x08008298   0x0000007a   Code   RO         4135    i.run_self_test     mpu6050.o
    0x08008312   0x08008312   0x00000002   PAD
    0x08008314   0x08008314   0x00000058   Code   RO         3686    i.set_int_enable    inv_mpu.o
    0x0800836c   0x0800836c   0x0000004c   Code   RO         4959    i.sqrt              m_ws.l(sqrt.o)
    0x080083b8   0x080083b8   0x00000062   Code   RO         4818    x$fpl$d2f           fz_ws.l(d2f.o)
    0x0800841a   0x0800841a   0x00000002   PAD
    0x0800841c   0x0800841c   0x00000150   Code   RO         4820    x$fpl$dadd          fz_ws.l(daddsub_clz.o)
    0x0800856c   0x0800856c   0x00000010   Code   RO         4914    x$fpl$dcheck1       fz_ws.l(dcheck1.o)
    0x0800857c   0x0800857c   0x00000018   Code   RO         5019    x$fpl$dcmpinf       fz_ws.l(dcmpi.o)
    0x08008594   0x08008594   0x000002b0   Code   RO         4827    x$fpl$ddiv          fz_ws.l(ddiv.o)
    0x08008844   0x08008844   0x0000005e   Code   RO         4830    x$fpl$dfix          fz_ws.l(dfix.o)
    0x080088a2   0x080088a2   0x0000002e   Code   RO         4835    x$fpl$dflt          fz_ws.l(dflt_clz.o)
    0x080088d0   0x080088d0   0x00000026   Code   RO         4834    x$fpl$dfltu         fz_ws.l(dflt_clz.o)
    0x080088f6   0x080088f6   0x00000002   PAD
    0x080088f8   0x080088f8   0x00000078   Code   RO         4996    x$fpl$dleqf         fz_ws.l(dleqf.o)
    0x08008970   0x08008970   0x00000154   Code   RO         4840    x$fpl$dmul          fz_ws.l(dmul.o)
    0x08008ac4   0x08008ac4   0x0000009c   Code   RO         4916    x$fpl$dnaninf       fz_ws.l(dnaninf.o)
    0x08008b60   0x08008b60   0x0000000c   Code   RO         4918    x$fpl$dretinf       fz_ws.l(dretinf.o)
    0x08008b6c   0x08008b6c   0x0000006c   Code   RO         4920    x$fpl$drleqf        fz_ws.l(drleqf.o)
    0x08008bd8   0x08008bd8   0x00000016   Code   RO         4821    x$fpl$drsb          fz_ws.l(daddsub_clz.o)
    0x08008bee   0x08008bee   0x00000002   PAD
    0x08008bf0   0x08008bf0   0x000001cc   Code   RO         4998    x$fpl$dsqrt         fz_ws.l(dsqrt_noumaal.o)
    0x08008dbc   0x08008dbc   0x000001d4   Code   RO         4822    x$fpl$dsub          fz_ws.l(daddsub_clz.o)
    0x08008f90   0x08008f90   0x00000056   Code   RO         4842    x$fpl$f2d           fz_ws.l(f2d.o)
    0x08008fe6   0x08008fe6   0x00000002   PAD
    0x08008fe8   0x08008fe8   0x000000c4   Code   RO         4844    x$fpl$fadd          fz_ws.l(faddsub_clz.o)
    0x080090ac   0x080090ac   0x0000000c   Code   RO         4922    x$fpl$fcheck1       fz_ws.l(fcheck1.o)
    0x080090b8   0x080090b8   0x00000184   Code   RO         4851    x$fpl$fdiv          fz_ws.l(fdiv.o)
    0x0800923c   0x0800923c   0x00000036   Code   RO         4854    x$fpl$ffix          fz_ws.l(ffix.o)
    0x08009272   0x08009272   0x00000002   PAD
    0x08009274   0x08009274   0x0000003e   Code   RO         4858    x$fpl$ffixu         fz_ws.l(ffixu.o)
    0x080092b2   0x080092b2   0x00000002   PAD
    0x080092b4   0x080092b4   0x00000030   Code   RO         4863    x$fpl$fflt          fz_ws.l(fflt_clz.o)
    0x080092e4   0x080092e4   0x00000026   Code   RO         4862    x$fpl$ffltu         fz_ws.l(fflt_clz.o)
    0x0800930a   0x0800930a   0x00000002   PAD
    0x0800930c   0x0800930c   0x00000102   Code   RO         4868    x$fpl$fmul          fz_ws.l(fmul.o)
    0x0800940e   0x0800940e   0x0000008c   Code   RO         4924    x$fpl$fnaninf       fz_ws.l(fnaninf.o)
    0x0800949a   0x0800949a   0x0000000a   Code   RO         4926    x$fpl$fretinf       fz_ws.l(fretinf.o)
    0x080094a4   0x080094a4   0x00000014   Code   RO         4845    x$fpl$frsb          fz_ws.l(faddsub_clz.o)
    0x080094b8   0x080094b8   0x000000ea   Code   RO         4846    x$fpl$fsub          fz_ws.l(faddsub_clz.o)
    0x080095a2   0x080095a2   0x00000064   Code   RO         5000    x$fpl$retnan        fz_ws.l(retnan.o)
    0x08009606   0x08009606   0x0000005c   Code   RO         4870    x$fpl$scalbn        fz_ws.l(scalbn.o)
    0x08009662   0x08009662   0x0000004c   Code   RO         4872    x$fpl$scalbnf       fz_ws.l(scalbnf.o)
    0x080096ae   0x080096ae   0x00000030   Code   RO         5021    x$fpl$trapveneer    fz_ws.l(trapv.o)
    0x080096de   0x080096de   0x00000000   Code   RO         4928    x$fpl$usenofp       fz_ws.l(usenofp.o)
    0x080096de   0x080096de   0x00000012   Data   RO         1170    .constdata          stm32f1xx_hal_rcc.o
    0x080096f0   0x080096f0   0x00000012   Data   RO         1262    .constdata          stm32f1xx_hal_rcc_ex.o
    0x08009702   0x08009702   0x00000010   Data   RO         3297    .constdata          system_stm32f1xx.o
    0x08009712   0x08009712   0x00000008   Data   RO         3298    .constdata          system_stm32f1xx.o
    0x0800971a   0x0800971a   0x00000a64   Data   RO         3439    .constdata          oled.o
    0x0800a17e   0x0800a17e   0x0000000c   Data   RO         3687    .constdata          inv_mpu.o
    0x0800a18a   0x0800a18a   0x0000001b   Data   RO         3688    .constdata          inv_mpu.o
    0x0800a1a5   0x0800a1a5   0x00000003   PAD
    0x0800a1a8   0x0800a1a8   0x00000028   Data   RO         3689    .constdata          inv_mpu.o
    0x0800a1d0   0x0800a1d0   0x00000bf6   Data   RO         3970    .constdata          inv_mpu_dmp_motion_driver.o
    0x0800adc6   0x0800adc6   0x00000002   PAD
    0x0800adc8   0x0800adc8   0x000000b8   Data   RO         4736    .constdata          kf.o
    0x0800ae80   0x0800ae80   0x00000050   Data   RO         4876    .constdata          m_ws.l(asin.o)
    0x0800aed0   0x0800aed0   0x00000088   Data   RO         4894    .constdata          m_ws.l(pow.o)
    0x0800af58   0x0800af58   0x00000098   Data   RO         4931    .constdata          m_ws.l(atan.o)
    0x0800aff0   0x0800aff0   0x00000008   Data   RO         4957    .constdata          m_ws.l(qnan.o)
    0x0800aff8   0x0800aff8   0x0000004e   Data   RO         3690    .conststring        inv_mpu.o
    0x0800b046   0x0800b046   0x00000002   PAD
    0x0800b048   0x0800b048   0x00000020   Data   RO         5147    Region$$Table       anon$$obj.o


    Execution Region RW_IRAM1 (Exec base: 0x20000000, Load base: 0x0800b068, Size: 0x00001e38, Max: 0x0000c000, ABSOLUTE, COMPRESSED[0x00000074])

    Exec Addr    Load Addr    Size         Type   Attr      Idx    E Section Name        Object

    0x20000000   COMPRESSED   0x00000001   Data   RW           18    .data               main.o
    0x20000001   COMPRESSED   0x00000001   PAD
    0x20000002   COMPRESSED   0x00000002   Data   RW           19    .data               main.o
    0x20000004   COMPRESSED   0x00000001   Data   RW           21    .data               main.o
    0x20000005   COMPRESSED   0x00000003   Data   RW           22    .data               main.o
    0x20000008   COMPRESSED   0x00000001   Data   RW           23    .data               main.o
    0x20000009   COMPRESSED   0x00000001   Data   RW           24    .data               main.o
    0x2000000a   COMPRESSED   0x00000001   Data   RW           28    .data               main.o
    0x2000000b   COMPRESSED   0x00000001   PAD
    0x2000000c   COMPRESSED   0x00000002   Data   RW           35    .data               main.o
    0x2000000e   COMPRESSED   0x00000002   Data   RW           36    .data               main.o
    0x20000010   COMPRESSED   0x00000002   Data   RW           37    .data               main.o
    0x20000012   COMPRESSED   0x00000002   Data   RW           38    .data               main.o
    0x20000014   COMPRESSED   0x00000002   Data   RW           39    .data               main.o
    0x20000016   COMPRESSED   0x00000002   PAD
    0x20000018   COMPRESSED   0x00000004   Data   RW           45    .data               main.o
    0x2000001c   COMPRESSED   0x00000004   Data   RW           46    .data               main.o
    0x20000020   COMPRESSED   0x00000004   Data   RW           47    .data               main.o
    0x20000024   COMPRESSED   0x00000004   Data   RW           48    .data               main.o
    0x20000028   COMPRESSED   0x00000004   Data   RW           50    .data               main.o
    0x2000002c   COMPRESSED   0x00000004   Data   RW           51    .data               main.o
    0x20000030   COMPRESSED   0x00000004   Data   RW           52    .data               main.o
    0x20000034   COMPRESSED   0x00000004   Data   RW           53    .data               main.o
    0x20000038   COMPRESSED   0x00000001   Data   RW           55    .data               main.o
    0x20000039   COMPRESSED   0x00000003   PAD
    0x2000003c   COMPRESSED   0x00000004   Data   RW           56    .data               main.o
    0x20000040   COMPRESSED   0x00000004   Data   RW          465    .data               usart.o
    0x20000044   COMPRESSED   0x0000000c   Data   RW         1007    .data               stm32f1xx_hal.o
    0x20000050   COMPRESSED   0x00000004   Data   RW         3299    .data               system_stm32f1xx.o
    0x20000054   COMPRESSED   0x00000004   Data   RW         3334    .data               led.o
    0x20000058   COMPRESSED   0x0000000e   Data   RW         3361    .data               key.o
    0x20000066   COMPRESSED   0x00000002   PAD
    0x20000068   COMPRESSED   0x0000002c   Data   RW         3691    .data               inv_mpu.o
    0x20000094   COMPRESSED   0x00000035   Data   RW         4137    .data               mpu6050.o
    0x200000c9   COMPRESSED   0x00000003   PAD
    0x200000cc   COMPRESSED   0x00000014   Data   RW         4427    .data               usart3.o
    0x200000e0   COMPRESSED   0x00000020   Data   RW         4460    .data               lidar.o
    0x20000100   COMPRESSED   0x00000004   Data   RW         4502    .data               delay.o
    0x20000104   COMPRESSED   0x000000e4   Data   RW         4581    .data               control.o
    0x200001e8   COMPRESSED   0x00000010   Data   RW         4653    .data               show.o
    0x200001f8   COMPRESSED   0x00000084   Data   RW         4700    .data               filter.o
    0x2000027c   COMPRESSED   0x00000050   Data   RW         4737    .data               kf.o
    0x200002cc        -       0x00000030   Zero   RW          326    .bss                adc.o
    0x200002fc        -       0x000000d8   Zero   RW          388    .bss                tim.o
    0x200003d4        -       0x00000128   Zero   RW          464    .bss                usart.o
    0x200004fc        -       0x00000400   Zero   RW         3438    .bss                oled.o
    0x200008fc        -       0x00000010   Zero   RW         3969    .bss                inv_mpu_dmp_motion_driver.o
    0x2000090c        -       0x0000002a   Zero   RW         4281    .bss                datascope_dp.o
    0x20000936        -       0x00000032   Zero   RW         4426    .bss                usart3.o
    0x20000968        -       0x00000e4c   Zero   RW         4459    .bss                lidar.o
    0x200017b4        -       0x00000020   Zero   RW         4735    .bss                kf.o
    0x200017d4        -       0x00000060   Zero   RW         5003    .bss                c_w.l(libspace.o)
    0x20001834   COMPRESSED   0x00000004   PAD
    0x20001838        -       0x00000200   Zero   RW            2    HEAP                startup_stm32f103xe.o
    0x20001a38        -       0x00000400   Zero   RW            1    STACK               startup_stm32f103xe.o


==============================================================================

Image component sizes


      Code (inc. data)   RO Data    RW Data    ZI Data      Debug   Object Name

       314         38          0          0         48       4060   adc.o
        16          6          0          0          0        531   beep.o
      2590        314          0        228          0       8923   control.o
       232         34          0          0         42       3258   datascope_dp.o
       136         18          0          4          0       2067   delay.o
        48         12          0          0          0        679   encoder.o
       136         24          0        132          0       3831   filter.o
       356         20          0          0          0       1271   gpio.o
      4498        280        157         44          0      29222   inv_mpu.o
      2350        118       3062          0         16      21362   inv_mpu_dmp_motion_driver.o
      1050         60          0          0          0      11414   ioi2c.o
       260         24          0         14          0       1871   key.o
      1356         52        184         80         32       4244   kf.o
        48          8          0          4          0        604   led.o
       512         46          0         32       3660       4385   lidar.o
       238          4          0         57          0     515354   main.o
      1318        346          0         53          0      34594   mpu6050.o
       842         38       2660          0       1024       8184   oled.o
      1256        260          0         16          0       3015   show.o
        64         26        304          0       1536        896   startup_stm32f103xe.o
       128         24          0         12          0       6677   stm32f1xx_hal.o
      1268         58          0          0          0       7468   stm32f1xx_hal_adc.o
       216          6          0          0          0       1654   stm32f1xx_hal_adc_ex.o
       198         14          0          0          0      29619   stm32f1xx_hal_cortex.o
       374          8          0          0          0       2167   stm32f1xx_hal_dma.o
       538         48          0          0          0       3939   stm32f1xx_hal_gpio.o
        68         10          0          0          0       1090   stm32f1xx_hal_msp.o
      1240         84         18          0          0       5788   stm32f1xx_hal_rcc.o
       420         30         18          0          0       2849   stm32f1xx_hal_rcc_ex.o
      1752         76          0          0          0      16547   stm32f1xx_hal_tim.o
       124         20          0          0          0       1580   stm32f1xx_hal_tim_ex.o
      1280         10          0          0          0      10172   stm32f1xx_hal_uart.o
        52         12          0          0          0       6510   stm32f1xx_it.o
        40         10          0          0          0        567   sys.o
         2          0         24          4          0       1451   system_stm32f1xx.o
       756         76          0          0        216       5272   tim.o
       566         84          0          4        296       7438   usart.o
       856        120          0         20         50       2468   usart3.o

    ----------------------------------------------------------------------
     27542       2418       6466        716       6920     773021   Object Totals
         0          0         32          0          0          0   (incl. Generated)
        44          0          7         12          0          0   (incl. Padding)

    ----------------------------------------------------------------------

      Code (inc. data)   RO Data    RW Data    ZI Data      Debug   Library Member Name

        90          0          0          0          0          0   __dczerorl2.o
         8          0          0          0          0         68   __main.o
       104          0          0          0          0         84   __printf.o
         0          0          0          0          0          0   __rtentry.o
        12          0          0          0          0          0   __rtentry2.o
         6          0          0          0          0          0   __rtentry4.o
        52          8          0          0          0          0   __scatter.o
        28          0          0          0          0          0   __scatter_zi.o
        48          6          0          0          0         96   _printf_char_common.o
        36          4          0          0          0         80   _printf_char_file.o
         6          0          0          0          0          0   _printf_d.o
       120         16          0          0          0         92   _printf_dec.o
       178          0          0          0          0         88   _printf_intcommon.o
         0          0          0          0          0          0   _printf_percent.o
         4          0          0          0          0          0   _printf_percent_end.o
        22          0          0          0          0        100   _rserrno.o
        16          0          0          0          0         68   aeabi_memset.o
        18          0          0          0          0         80   exit.o
         8          0          0          0          0         68   ferror.o
         6          0          0          0          0        152   heapauxi.o
         2          0          0          0          0          0   libinit.o
         2          0          0          0          0          0   libinit2.o
         2          0          0          0          0          0   libshutdown.o
         2          0          0          0          0          0   libshutdown2.o
         8          4          0          0         96         68   libspace.o
        72          0          0          0          0         76   llsdiv.o
       238          0          0          0          0        100   lludivv7m.o
        88          0          0          0          0         76   memcmp.o
        24          4          0          0          0         84   noretval__2printf.o
         8          4          0          0          0         68   rt_errno_addr_intlibspace.o
        68          0          0          0          0         68   rt_memclr.o
        78          0          0          0          0         80   rt_memclr_w.o
         2          0          0          0          0          0   rtexit.o
        10          0          0          0          0          0   rtexit2.o
        74          0          0          0          0         80   sys_stackheap_outer.o
         2          0          0          0          0         68   use_no_semi.o
         2          0          0          0          0         68   use_no_semi_2.o
        98          4          0          0          0         92   d2f.o
       826         16          0          0          0        348   daddsub_clz.o
        16          4          0          0          0         68   dcheck1.o
        24          0          0          0          0         68   dcmpi.o
       688        140          0          0          0        208   ddiv.o
        94          4          0          0          0         92   dfix.o
        84          0          0          0          0        136   dflt_clz.o
       120          4          0          0          0         92   dleqf.o
       340         12          0          0          0        104   dmul.o
       156          4          0          0          0         92   dnaninf.o
        12          0          0          0          0         68   dretinf.o
       108          0          0          0          0         80   drleqf.o
       460         56          0          0          0        120   dsqrt_noumaal.o
        86          4          0          0          0         84   f2d.o
       450          8          0          0          0        236   faddsub_clz.o
        12          4          0          0          0         68   fcheck1.o
       388         76          0          0          0         96   fdiv.o
        54          4          0          0          0         84   ffix.o
        62          4          0          0          0         84   ffixu.o
        86          0          0          0          0        136   fflt_clz.o
       258          4          0          0          0         84   fmul.o
       140          4          0          0          0         84   fnaninf.o
        10          0          0          0          0         68   fretinf.o
       100          0          0          0          0         68   retnan.o
        92          0          0          0          0         68   scalbn.o
        76          0          0          0          0         68   scalbnf.o
        48          0          0          0          0         68   trapv.o
         0          0          0          0          0          0   usenofp.o
       624         52         80          0          0        168   asin.o
       544         70        152          0          0        124   atan.o
       384         38          0          0          0        144   atan2.o
        68         10          0          0          0        408   dunder.o
        40          0          0          0          0         68   fpclassify.o
       170          0          0          0          0         96   poly.o
      2520        190        136          0          0        324   pow.o
         0          0          8          0          0          0   qnan.o
        76          0          0          0          0         84   sqrt.o

    ----------------------------------------------------------------------
     10776        758        376          0        100       6092   Library Totals
        18          0          0          0          4          0   (incl. Padding)

    ----------------------------------------------------------------------

      Code (inc. data)   RO Data    RW Data    ZI Data      Debug   Library Name

      1444         46          0          0         96       1812   c_w.l
      4888        352          0          0          0       2864   fz_ws.l
      4426        360        376          0          0       1416   m_ws.l

    ----------------------------------------------------------------------
     10776        758        376          0        100       6092   Library Totals

    ----------------------------------------------------------------------

==============================================================================


      Code (inc. data)   RO Data    RW Data    ZI Data      Debug   

     38318       3176       6842        716       7020     765433   Grand Totals
     38318       3176       6842        116       7020     765433   ELF Image Totals (compressed)
     38318       3176       6842        116          0          0   ROM Totals

==============================================================================

    Total RO  Size (Code + RO Data)                45160 (  44.10kB)
    Total RW  Size (RW Data + ZI Data)              7736 (   7.55kB)
    Total ROM Size (Code + RO Data + RW Data)      45276 (  44.21kB)

==============================================================================

